Archive member included to satisfy reference by file (symbol)

./libopencm3//lib/libopencm3_stm32f0.a(adc.o)
                              src//main.o (adc_set_operation_mode)
./libopencm3//lib/libopencm3_stm32f0.a(adc_common_v2.o)
                              src//main.o (adc_eoc)
./libopencm3//lib/libopencm3_stm32f0.a(gpio_common_f0234.o)
                              src//main.o (gpio_mode_setup)
./libopencm3//lib/libopencm3_stm32f0.a(rcc.o)
                              src//clock.o (rcc_ahb_frequency)
./libopencm3//lib/libopencm3_stm32f0.a(rcc_common_all.o)
                              src//main.o (rcc_periph_clock_enable)
./libopencm3//lib/libopencm3_stm32f0.a(usart_common_all.o)
                              src//usart.o (usart_set_baudrate)
./libopencm3//lib/libopencm3_stm32f0.a(usart_common_v2.o)
                              ./libopencm3//lib/libopencm3_stm32f0.a(usart_common_all.o) (usart_send)
./libopencm3//lib/libopencm3_stm32f0.a(vector.o)
                              (reset_handler)
./libopencm3//lib/libopencm3_stm32f0.a(systick.o)
                              src//clock.o (systick_set_reload)
./libopencm3//lib/libopencm3_stm32f0.a(assert.o)
                              ./libopencm3//lib/libopencm3_stm32f0.a(adc.o) (cm3_assert_failed)
./libopencm3//lib/libopencm3_stm32f0.a(flash_common_all.o)
                              ./libopencm3//lib/libopencm3_stm32f0.a(rcc.o) (flash_prefetch_enable)
/Applications/ArmGNUToolchain/13.2.Rel1/arm-none-eabi/bin/../lib/gcc/arm-none-eabi/13.2.1/../../../../arm-none-eabi/lib/thumb/v6-m/nofp/libc.a(libc_a-printf.o)
                              src//main.o (printf)
/Applications/ArmGNUToolchain/13.2.Rel1/arm-none-eabi/bin/../lib/gcc/arm-none-eabi/13.2.1/../../../../arm-none-eabi/lib/thumb/v6-m/nofp/libc.a(libc_a-vfprintf.o)
                              /Applications/ArmGNUToolchain/13.2.Rel1/arm-none-eabi/bin/../lib/gcc/arm-none-eabi/13.2.1/../../../../arm-none-eabi/lib/thumb/v6-m/nofp/libc.a(libc_a-printf.o) (_vfprintf_r)
/Applications/ArmGNUToolchain/13.2.Rel1/arm-none-eabi/bin/../lib/gcc/arm-none-eabi/13.2.1/../../../../arm-none-eabi/lib/thumb/v6-m/nofp/libc.a(libc_a-vfiprintf.o)
                              /Applications/ArmGNUToolchain/13.2.Rel1/arm-none-eabi/bin/../lib/gcc/arm-none-eabi/13.2.1/../../../../arm-none-eabi/lib/thumb/v6-m/nofp/libc.a(libc_a-vfprintf.o) (__sprint_r)
/Applications/ArmGNUToolchain/13.2.Rel1/arm-none-eabi/bin/../lib/gcc/arm-none-eabi/13.2.1/../../../../arm-none-eabi/lib/thumb/v6-m/nofp/libc.a(libc_a-fflush.o)
                              /Applications/ArmGNUToolchain/13.2.Rel1/arm-none-eabi/bin/../lib/gcc/arm-none-eabi/13.2.1/../../../../arm-none-eabi/lib/thumb/v6-m/nofp/libc.a(libc_a-vfprintf.o) (_fflush_r)
/Applications/ArmGNUToolchain/13.2.Rel1/arm-none-eabi/bin/../lib/gcc/arm-none-eabi/13.2.1/../../../../arm-none-eabi/lib/thumb/v6-m/nofp/libc.a(libc_a-findfp.o)
                              /Applications/ArmGNUToolchain/13.2.Rel1/arm-none-eabi/bin/../lib/gcc/arm-none-eabi/13.2.1/../../../../arm-none-eabi/lib/thumb/v6-m/nofp/libc.a(libc_a-fflush.o) (__sglue)
/Applications/ArmGNUToolchain/13.2.Rel1/arm-none-eabi/bin/../lib/gcc/arm-none-eabi/13.2.1/../../../../arm-none-eabi/lib/thumb/v6-m/nofp/libc.a(libc_a-fvwrite.o)
                              /Applications/ArmGNUToolchain/13.2.Rel1/arm-none-eabi/bin/../lib/gcc/arm-none-eabi/13.2.1/../../../../arm-none-eabi/lib/thumb/v6-m/nofp/libc.a(libc_a-vfiprintf.o) (__sfvwrite_r)
/Applications/ArmGNUToolchain/13.2.Rel1/arm-none-eabi/bin/../lib/gcc/arm-none-eabi/13.2.1/../../../../arm-none-eabi/lib/thumb/v6-m/nofp/libc.a(libc_a-fwalk.o)
                              /Applications/ArmGNUToolchain/13.2.Rel1/arm-none-eabi/bin/../lib/gcc/arm-none-eabi/13.2.1/../../../../arm-none-eabi/lib/thumb/v6-m/nofp/libc.a(libc_a-fflush.o) (_fwalk_sglue)
/Applications/ArmGNUToolchain/13.2.Rel1/arm-none-eabi/bin/../lib/gcc/arm-none-eabi/13.2.1/../../../../arm-none-eabi/lib/thumb/v6-m/nofp/libc.a(libc_a-wsetup.o)
                              /Applications/ArmGNUToolchain/13.2.Rel1/arm-none-eabi/bin/../lib/gcc/arm-none-eabi/13.2.1/../../../../arm-none-eabi/lib/thumb/v6-m/nofp/libc.a(libc_a-vfprintf.o) (__swsetup_r)
/Applications/ArmGNUToolchain/13.2.Rel1/arm-none-eabi/bin/../lib/gcc/arm-none-eabi/13.2.1/../../../../arm-none-eabi/lib/thumb/v6-m/nofp/libc.a(libc_a-fputwc.o)
                              /Applications/ArmGNUToolchain/13.2.Rel1/arm-none-eabi/bin/../lib/gcc/arm-none-eabi/13.2.1/../../../../arm-none-eabi/lib/thumb/v6-m/nofp/libc.a(libc_a-vfiprintf.o) (_fputwc_r)
/Applications/ArmGNUToolchain/13.2.Rel1/arm-none-eabi/bin/../lib/gcc/arm-none-eabi/13.2.1/../../../../arm-none-eabi/lib/thumb/v6-m/nofp/libc.a(libc_a-memmove.o)
                              /Applications/ArmGNUToolchain/13.2.Rel1/arm-none-eabi/bin/../lib/gcc/arm-none-eabi/13.2.1/../../../../arm-none-eabi/lib/thumb/v6-m/nofp/libc.a(libc_a-fvwrite.o) (memmove)
[...]
Memory Configuration

Name             Origin             Length             Attributes
ram              0x20000000         0x00002000         xrw
rom              0x08000000         0x00010000         xr
*default*        0x00000000         0xffffffff

Linker script and memory map

LOAD src//clock.o
LOAD src//main.o
LOAD src//usart.o
LOAD ./libopencm3//lib/libopencm3_stm32f0.a
START GROUP
LOAD /Applications/ArmGNUToolchain/13.2.Rel1/arm-none-eabi/bin/../lib/gcc/arm-none-eabi/13.2.1/../../../../arm-none-eabi/lib/thumb/v6-m/nofp/libc.a
LOAD /Applications/ArmGNUToolchain/13.2.Rel1/arm-none-eabi/bin/../lib/gcc/arm-none-eabi/13.2.1/thumb/v6-m/nofp/libgcc.a
LOAD /Applications/ArmGNUToolchain/13.2.Rel1/arm-none-eabi/bin/../lib/gcc/arm-none-eabi/13.2.1/../../../../arm-none-eabi/lib/thumb/v6-m/nofp/libstdc++.a
LOAD /Applications/ArmGNUToolchain/13.2.Rel1/arm-none-eabi/bin/../lib/gcc/arm-none-eabi/13.2.1/../../../../arm-none-eabi/lib/thumb/v6-m/nofp/libnosys.a
END GROUP
LOAD /Applications/ArmGNUToolchain/13.2.Rel1/arm-none-eabi/bin/../lib/gcc/arm-none-eabi/13.2.1/../../../../arm-none-eabi/lib/thumb/v6-m/nofp/libm.a
START GROUP
LOAD /Applications/ArmGNUToolchain/13.2.Rel1/arm-none-eabi/bin/../lib/gcc/arm-none-eabi/13.2.1/thumb/v6-m/nofp/libgcc.a
LOAD /Applications/ArmGNUToolchain/13.2.Rel1/arm-none-eabi/bin/../lib/gcc/arm-none-eabi/13.2.1/../../../../arm-none-eabi/lib/thumb/v6-m/nofp/libg.a
LOAD /Applications/ArmGNUToolchain/13.2.Rel1/arm-none-eabi/bin/../lib/gcc/arm-none-eabi/13.2.1/../../../../arm-none-eabi/lib/thumb/v6-m/nofp/libc.a
END GROUP

.text           0x08000000     0x9b38
 *(.vectors)
 .vectors       0x08000000       0xc0 ./libopencm3//lib/libopencm3_stm32f0.a(vector.o)
                0x08000000                vector_table
 *(.text*)
 .text.sys_tick_handler
                0x080000c0       0x1c src//clock.o
                0x080000c0                sys_tick_handler
 .text.startup.main
                0x080000dc       0xfc src//main.o
                0x080000dc                main
 .text.usart_init
                0x080001d8       0x44 src//usart.o
                0x080001d8                usart_init
 .text._write   0x0800021c       0x44 src//usart.o
                0x0800021c                _write
 .text.adc_set_operation_mode
                0x08000260       0x44 ./libopencm3//lib/libopencm3_stm32f0.a(adc.o)
                0x08000260                adc_set_operation_mode
 .text.adc_disable_external_trigger_regular
                0x080002a4       0x10 ./libopencm3//lib/libopencm3_stm32f0.a(adc.o)
                0x080002a4                adc_disable_external_trigger_regular
 .text.adc_set_clk_source
                0x080002b4        0xc ./libopencm3//lib/libopencm3_stm32f0.a(adc.o)
                0x080002b4                adc_set_clk_source
 .text.adc_set_regular_sequence
                0x080002c0       0x6c ./libopencm3//lib/libopencm3_stm32f0.a(adc.o)
                0x080002c0                adc_set_regular_sequence
 .text.adc_set_sample_time_on_all_channels
                0x0800032c        0x8 ./libopencm3//lib/libopencm3_stm32f0.a(adc.o)
                0x0800032c                adc_set_sample_time_on_all_channels
 .text.adc_disable_analog_watchdog
                0x08000334       0x10 ./libopencm3//lib/libopencm3_stm32f0.a(adc.o)
                0x08000334                adc_disable_analog_watchdog
 .text.adc_eoc  0x08000344        0x8 ./libopencm3//lib/libopencm3_stm32f0.a(adc_common_v2.o)
                0x08000344                adc_eoc
 .text.adc_power_on_async
                0x0800034c        0xa ./libopencm3//lib/libopencm3_stm32f0.a(adc_common_v2.o)
                0x0800034c                adc_power_on_async
 .text.adc_power_on
                0x08000356       0x12 ./libopencm3//lib/libopencm3_stm32f0.a(adc_common_v2.o)
                0x08000356                adc_power_on
 .text.adc_is_power_off
                0x08000368        0x8 ./libopencm3//lib/libopencm3_stm32f0.a(adc_common_v2.o)
                0x08000368                adc_is_power_off
 .text.adc_power_off_async
                0x08000370       0x30 ./libopencm3//lib/libopencm3_stm32f0.a(adc_common_v2.o)
                0x08000370                adc_power_off_async
 .text.adc_power_off
                0x080003a0       0x14 ./libopencm3//lib/libopencm3_stm32f0.a(adc_common_v2.o)
                0x080003a0                adc_power_off
 .text.adc_calibrate_async
                0x080003b4        0xc ./libopencm3//lib/libopencm3_stm32f0.a(adc_common_v2.o)
                0x080003b4                adc_calibrate_async
 .text.adc_calibrate
                0x080003c0       0x10 ./libopencm3//lib/libopencm3_stm32f0.a(adc_common_v2.o)
                0x080003c0                adc_calibrate
 .text.adc_set_resolution
                0x080003d0        0xc ./libopencm3//lib/libopencm3_stm32f0.a(adc_common_v2.o)
                0x080003d0                adc_set_resolution
 .text.adc_set_right_aligned
                0x080003dc        0xa ./libopencm3//lib/libopencm3_stm32f0.a(adc_common_v2.o)
                0x080003dc                adc_set_right_aligned
 .text.adc_read_regular
                0x080003e6        0x4 ./libopencm3//lib/libopencm3_stm32f0.a(adc_common_v2.o)
                0x080003e6                adc_read_regular
 *fill*         0x080003ea        0x2 
 .text.adc_enable_temperature_sensor
                0x080003ec       0x14 ./libopencm3//lib/libopencm3_stm32f0.a(adc_common_v2.o)
                0x080003ec                adc_enable_temperature_sensor
 .text.adc_start_conversion_regular
                0x08000400        0xa ./libopencm3//lib/libopencm3_stm32f0.a(adc_common_v2.o)
                0x08000400                adc_start_conversion_regular
 .text.gpio_mode_setup
                0x0800040a       0x40 ./libopencm3//lib/libopencm3_stm32f0.a(gpio_common_f0234.o)
                0x0800040a                gpio_mode_setup
 .text.gpio_set_af
                0x0800044a       0x58 ./libopencm3//lib/libopencm3_stm32f0.a(gpio_common_f0234.o)
                0x0800044a                gpio_set_af
 *fill*         0x080004a2        0x2 
 .text.rcc_get_usart_clksel_freq
                0x080004a4       0x50 ./libopencm3//lib/libopencm3_stm32f0.a(rcc.o)
 .text.rcc_is_osc_ready
                0x080004f4       0x54 ./libopencm3//lib/libopencm3_stm32f0.a(rcc.o)
                0x080004f4                rcc_is_osc_ready
 .text.rcc_wait_for_osc_ready
                0x08000548       0x10 ./libopencm3//lib/libopencm3_stm32f0.a(rcc.o)
                0x08000548                rcc_wait_for_osc_ready
 .text.rcc_osc_on
                0x08000558       0x54 ./libopencm3//lib/libopencm3_stm32f0.a(rcc.o)
                0x08000558                rcc_osc_on
 .text.rcc_set_sysclk_source
                0x080005ac       0x48 ./libopencm3//lib/libopencm3_stm32f0.a(rcc.o)
                0x080005ac                rcc_set_sysclk_source
 .text.rcc_set_pll_multiplication_factor
                0x080005f4       0x18 ./libopencm3//lib/libopencm3_stm32f0.a(rcc.o)
                0x080005f4                rcc_set_pll_multiplication_factor
 .text.rcc_set_pll_source
                0x0800060c       0x18 ./libopencm3//lib/libopencm3_stm32f0.a(rcc.o)
                0x0800060c                rcc_set_pll_source
 .text.rcc_set_ppre
                0x08000624       0x18 ./libopencm3//lib/libopencm3_stm32f0.a(rcc.o)
                0x08000624                rcc_set_ppre
 .text.rcc_set_hpre
                0x0800063c       0x14 ./libopencm3//lib/libopencm3_stm32f0.a(rcc.o)
                0x0800063c                rcc_set_hpre
 .text.rcc_clock_setup_in_hsi_out_48mhz
                0x08000650       0x64 ./libopencm3//lib/libopencm3_stm32f0.a(rcc.o)
                0x08000650                rcc_clock_setup_in_hsi_out_48mhz
 .text.rcc_get_usart_clk_freq
                0x080006b4       0x3c ./libopencm3//lib/libopencm3_stm32f0.a(rcc.o)
                0x080006b4                rcc_get_usart_clk_freq
 .text.rcc_periph_clock_enable
                0x080006f0       0x1c ./libopencm3//lib/libopencm3_stm32f0.a(rcc_common_all.o)
                0x080006f0                rcc_periph_clock_enable
 .text.rcc_get_div_from_hpre
                0x0800070c       0x1a ./libopencm3//lib/libopencm3_stm32f0.a(rcc_common_all.o)
                0x0800070c                rcc_get_div_from_hpre
 .text.usart_set_baudrate
                0x08000726       0x18 ./libopencm3//lib/libopencm3_stm32f0.a(usart_common_all.o)
                0x08000726                usart_set_baudrate
 *fill*         0x0800073e        0x2 
 .text.usart_set_databits
                0x08000740       0x1c ./libopencm3//lib/libopencm3_stm32f0.a(usart_common_all.o)
                0x08000740                usart_set_databits
 .text.usart_set_stopbits
                0x0800075c       0x10 ./libopencm3//lib/libopencm3_stm32f0.a(usart_common_all.o)
                0x0800075c                usart_set_stopbits
 .text.usart_set_parity
                0x0800076c       0x10 ./libopencm3//lib/libopencm3_stm32f0.a(usart_common_all.o)
                0x0800076c                usart_set_parity
 .text.usart_set_mode
                0x0800077c        0xc ./libopencm3//lib/libopencm3_stm32f0.a(usart_common_all.o)
                0x0800077c                usart_set_mode
 .text.usart_set_flow_control
                0x08000788       0x10 ./libopencm3//lib/libopencm3_stm32f0.a(usart_common_all.o)
                0x08000788                usart_set_flow_control
 .text.usart_enable
                0x08000798        0xa ./libopencm3//lib/libopencm3_stm32f0.a(usart_common_all.o)
                0x08000798                usart_enable
 .text.usart_send_blocking
                0x080007a2       0x14 ./libopencm3//lib/libopencm3_stm32f0.a(usart_common_all.o)
                0x080007a2                usart_send_blocking
 .text.usart_send
                0x080007b6        0x8 ./libopencm3//lib/libopencm3_stm32f0.a(usart_common_v2.o)
                0x080007b6                usart_send
 .text.usart_wait_send_ready
                0x080007be        0xa ./libopencm3//lib/libopencm3_stm32f0.a(usart_common_v2.o)
                0x080007be                usart_wait_send_ready
 .text.blocking_handler
                0x080007c8        0x2 ./libopencm3//lib/libopencm3_stm32f0.a(vector.o)
                0x080007c8                exti0_1_isr
                0x080007c8                rtc_isr
                0x080007c8                tim7_isr
                0x080007c8                dma1_channel4_7_dma2_channel3_5_isr
                0x080007c8                blocking_handler
                0x080007c8                tsc_isr
                0x080007c8                spi1_isr
                0x080007c8                i2c1_isr
                0x080007c8                tim17_isr
                0x080007c8                i2c2_isr
                0x080007c8                usart1_isr
                0x080007c8                usart3_4_isr
                0x080007c8                tim1_cc_isr
                0x080007c8                exti2_3_isr
                0x080007c8                tim16_isr
                0x080007c8                pvd_isr
                0x080007c8                rcc_isr
                0x080007c8                flash_isr
                0x080007c8                hard_fault_handler
                0x080007c8                tim14_isr
                0x080007c8                spi2_isr
                0x080007c8                usb_isr
                0x080007c8                tim15_isr
                0x080007c8                tim3_isr
                0x080007c8                usart2_isr
                0x080007c8                adc_comp_isr
                0x080007c8                dma1_channel1_isr
                0x080007c8                tim6_dac_isr
                0x080007c8                tim1_brk_up_trg_com_isr
                0x080007c8                exti4_15_isr
                0x080007c8                cec_can_isr
                0x080007c8                wwdg_isr
                0x080007c8                tim2_isr
                0x080007c8                dma1_channel2_3_dma2_channel1_2_isr
 .text.null_handler
                0x080007ca        0x2 ./libopencm3//lib/libopencm3_stm32f0.a(vector.o)
                0x080007ca                null_handler
                0x080007ca                sv_call_handler
                0x080007ca                pend_sv_handler
                0x080007ca                nmi_handler
 .text.reset_handler
                0x080007cc       0x88 ./libopencm3//lib/libopencm3_stm32f0.a(vector.o)
                0x080007cc                reset_handler
 .text.cm3_assert_failed
                0x08000854        0x2 ./libopencm3//lib/libopencm3_stm32f0.a(assert.o)
                0x08000854                cm3_assert_failed
 *fill*         0x08000856        0x2 
 .text.flash_prefetch_enable
                0x08000858       0x10 ./libopencm3//lib/libopencm3_stm32f0.a(flash_common_all.o)
                0x08000858                flash_prefetch_enable
 .text.flash_set_ws
                0x08000868       0x14 ./libopencm3//lib/libopencm3_stm32f0.a(flash_common_all.o)
                0x08000868                flash_set_ws
 .text.printf   0x0800087c       0x24 /Applications/ArmGNUToolchain/13.2.Rel1/arm-none-eabi/bin/../lib/gcc/arm-none-eabi/13.2.1/../../../../arm-none-eabi/lib/thumb/v6-m/nofp/libc.a(libc_a-printf.o)
                0x0800087c                printf
 .text._vfprintf_r
                0x080008a0     0x1d50 /Applications/ArmGNUToolchain/13.2.Rel1/arm-none-eabi/bin/../lib/gcc/arm-none-eabi/13.2.1/../../../../arm-none-eabi/lib/thumb/v6-m/nofp/libc.a(libc_a-vfprintf.o)
                0x080008a0                _vfprintf_r
 .text.__sbprintf
                0x080025f0       0x8c /Applications/ArmGNUToolchain/13.2.Rel1/arm-none-eabi/bin/../lib/gcc/arm-none-eabi/13.2.1/../../../../arm-none-eabi/lib/thumb/v6-m/nofp/libc.a(libc_a-vfprintf.o)
 .text.__sprint_r.part.0
                0x0800267c       0x88 /Applications/ArmGNUToolchain/13.2.Rel1/arm-none-eabi/bin/../lib/gcc/arm-none-eabi/13.2.1/../../../../arm-none-eabi/lib/thumb/v6-m/nofp/libc.a(libc_a-vfiprintf.o)
 .text.__sprint_r
                0x08002704       0x14 /Applications/ArmGNUToolchain/13.2.Rel1/arm-none-eabi/bin/../lib/gcc/arm-none-eabi/13.2.1/../../../../arm-none-eabi/lib/thumb/v6-m/nofp/libc.a(libc_a-vfiprintf.o)
                0x08002704                __sprint_r
 .text._vfiprintf_r
                0x08002718      0xf34 /Applications/ArmGNUToolchain/13.2.Rel1/arm-none-eabi/bin/../lib/gcc/arm-none-eabi/13.2.1/../../../../arm-none-eabi/lib/thumb/v6-m/nofp/libc.a(libc_a-vfiprintf.o)
                0x08002718                _vfiprintf_r
 .text.__sbprintf
                0x0800364c       0x8c /Applications/ArmGNUToolchain/13.2.Rel1/arm-none-eabi/bin/../lib/gcc/arm-none-eabi/13.2.1/../../../../arm-none-eabi/lib/thumb/v6-m/nofp/libc.a(libc_a-vfiprintf.o)
 .text.__sflush_r
                0x080036d8      0x148 /Applications/ArmGNUToolchain/13.2.Rel1/arm-none-eabi/bin/../lib/gcc/arm-none-eabi/13.2.1/../../../../arm-none-eabi/lib/thumb/v6-m/nofp/libc.a(libc_a-fflush.o)
                0x080036d8                __sflush_r
 .text._fflush_r
                0x08003820       0x68 /Applications/ArmGNUToolchain/13.2.Rel1/arm-none-eabi/bin/../lib/gcc/arm-none-eabi/13.2.1/../../../../arm-none-eabi/lib/thumb/v6-m/nofp/libc.a(libc_a-fflush.o)
                0x08003820                _fflush_r
 .text.stdio_exit_handler
                0x08003888       0x1c /Applications/ArmGNUToolchain/13.2.Rel1/arm-none-eabi/bin/../lib/gcc/arm-none-eabi/13.2.1/../../../../arm-none-eabi/lib/thumb/v6-m/nofp/libc.a(libc_a-findfp.o)
 .text.cleanup_stdio
                0x080038a4       0x3c /Applications/ArmGNUToolchain/13.2.Rel1/arm-none-eabi/bin/../lib/gcc/arm-none-eabi/13.2.1/../../../../arm-none-eabi/lib/thumb/v6-m/nofp/libc.a(libc_a-findfp.o)
 .text.global_stdio_init.part.0
                0x080038e0      0x118 /Applications/ArmGNUToolchain/13.2.Rel1/arm-none-eabi/bin/../lib/gcc/arm-none-eabi/13.2.1/../../../../arm-none-eabi/lib/thumb/v6-m/nofp/libc.a(libc_a-findfp.o)
 .text.__sinit  0x080039f8       0x38 /Applications/ArmGNUToolchain/13.2.Rel1/arm-none-eabi/bin/../lib/gcc/arm-none-eabi/13.2.1/../../../../arm-none-eabi/lib/thumb/v6-m/nofp/libc.a(libc_a-findfp.o)
                0x080039f8                __sinit
 .text.__sfp_lock_acquire
                0x08003a30       0x10 /Applications/ArmGNUToolchain/13.2.Rel1/arm-none-eabi/bin/../lib/gcc/arm-none-eabi/13.2.1/../../../../arm-none-eabi/lib/thumb/v6-m/nofp/libc.a(libc_a-findfp.o)
                0x08003a30                __sfp_lock_acquire
 .text.__sfp_lock_release
                0x08003a40       0x10 /Applications/ArmGNUToolchain/13.2.Rel1/arm-none-eabi/bin/../lib/gcc/arm-none-eabi/13.2.1/../../../../arm-none-eabi/lib/thumb/v6-m/nofp/libc.a(libc_a-findfp.o)
                0x08003a40                __sfp_lock_release
 .text.__sfvwrite_r
                0x08003a50      0x310 /Applications/ArmGNUToolchain/13.2.Rel1/arm-none-eabi/bin/../lib/gcc/arm-none-eabi/13.2.1/../../../../arm-none-eabi/lib/thumb/v6-m/nofp/libc.a(libc_a-fvwrite.o)
                0x08003a50                __sfvwrite_r
 .text._fwalk_sglue
                0x08003d60       0x44 /Applications/ArmGNUToolchain/13.2.Rel1/arm-none-eabi/bin/../lib/gcc/arm-none-eabi/13.2.1/../../../../arm-none-eabi/lib/thumb/v6-m/nofp/libc.a(libc_a-fwalk.o)
                0x08003d60                _fwalk_sglue
 .text.__swsetup_r
                0x08003da4       0xcc /Applications/ArmGNUToolchain/13.2.Rel1/arm-none-eabi/bin/../lib/gcc/arm-none-eabi/13.2.1/../../../../arm-none-eabi/lib/thumb/v6-m/nofp/libc.a(libc_a-wsetup.o)
                0x08003da4                __swsetup_r
 .text.__fputwc
                0x08003e70       0x78 /Applications/ArmGNUToolchain/13.2.Rel1/arm-none-eabi/bin/../lib/gcc/arm-none-eabi/13.2.1/../../../../arm-none-eabi/lib/thumb/v6-m/nofp/libc.a(libc_a-fputwc.o)
                0x08003e70                __fputwc
 .text._fputwc_r
                0x08003ee8       0x58 /Applications/ArmGNUToolchain/13.2.Rel1/arm-none-eabi/bin/../lib/gcc/arm-none-eabi/13.2.1/../../../../arm-none-eabi/lib/thumb/v6-m/nofp/libc.a(libc_a-fputwc.o)
                0x08003ee8                _fputwc_r
 .text.memmove  0x08003f40       0xb0 /Applications/ArmGNUToolchain/13.2.Rel1/arm-none-eabi/bin/../lib/gcc/arm-none-eabi/13.2.1/../../../../arm-none-eabi/lib/thumb/v6-m/nofp/libc.a(libc_a-memmove.o)
                0x08003f40                memmove
 .text.memset   0x08003ff0       0xa8 /Applications/ArmGNUToolchain/13.2.Rel1/arm-none-eabi/bin/../lib/gcc/arm-none-eabi/13.2.1/../../../../arm-none-eabi/lib/thumb/v6-m/nofp/libc.a(libc_a-memset.o)
                0x08003ff0                memset
 .text.strncpy  0x08004098       0x60 /Applications/ArmGNUToolchain/13.2.Rel1/arm-none-eabi/bin/../lib/gcc/arm-none-eabi/13.2.1/../../../../arm-none-eabi/lib/thumb/v6-m/nofp/libc.a(libc_a-strncpy.o)
                0x08004098                strncpy
 .text.__locale_mb_cur_max
                0x080040f8       0x10 /Applications/ArmGNUToolchain/13.2.Rel1/arm-none-eabi/bin/../lib/gcc/arm-none-eabi/13.2.1/../../../../arm-none-eabi/lib/thumb/v6-m/nofp/libc.a(libc_a-locale.o)
                0x080040f8                __locale_mb_cur_max
 .text._localeconv_r
                0x08004108        0x8 /Applications/ArmGNUToolchain/13.2.Rel1/arm-none-eabi/bin/../lib/gcc/arm-none-eabi/13.2.1/../../../../arm-none-eabi/lib/thumb/v6-m/nofp/libc.a(libc_a-localeconv.o)
                0x08004108                _localeconv_r
 .text.__errno  0x08004110        0xc /Applications/ArmGNUToolchain/13.2.Rel1/arm-none-eabi/bin/../lib/gcc/arm-none-eabi/13.2.1/../../../../arm-none-eabi/lib/thumb/v6-m/nofp/libc.a(libc_a-errno.o)
                0x08004110                __errno
 .text.__retarget_lock_init_recursive
                0x0800411c        0x4 /Applications/ArmGNUToolchain/13.2.Rel1/arm-none-eabi/bin/../lib/gcc/arm-none-eabi/13.2.1/../../../../arm-none-eabi/lib/thumb/v6-m/nofp/libc.a(libc_a-lock.o)
                0x0800411c                __retarget_lock_init_recursive
 .text.__retarget_lock_close_recursive
                0x08004120        0x4 /Applications/ArmGNUToolchain/13.2.Rel1/arm-none-eabi/bin/../lib/gcc/arm-none-eabi/13.2.1/../../../../arm-none-eabi/lib/thumb/v6-m/nofp/libc.a(libc_a-lock.o)
                0x08004120                __retarget_lock_close_recursive
 .text.__retarget_lock_acquire_recursive
                0x08004124        0x4 /Applications/ArmGNUToolchain/13.2.Rel1/arm-none-eabi/bin/../lib/gcc/arm-none-eabi/13.2.1/../../../../arm-none-eabi/lib/thumb/v6-m/nofp/libc.a(libc_a-lock.o)
                0x08004124                __retarget_lock_acquire_recursive
 .text.__retarget_lock_release_recursive
                0x08004128        0x4 /Applications/ArmGNUToolchain/13.2.Rel1/arm-none-eabi/bin/../lib/gcc/arm-none-eabi/13.2.1/../../../../arm-none-eabi/lib/thumb/v6-m/nofp/libc.a(libc_a-lock.o)
                0x08004128                __retarget_lock_release_recursive
 .text.memchr   0x0800412c       0x74 /Applications/ArmGNUToolchain/13.2.Rel1/arm-none-eabi/bin/../lib/gcc/arm-none-eabi/13.2.1/../../../../arm-none-eabi/lib/thumb/v6-m/nofp/libc.a(libc_a-memchr-stub.o)
                0x0800412c                memchr
 .text.memcpy   0x080041a0       0x8c /Applications/ArmGNUToolchain/13.2.Rel1/arm-none-eabi/bin/../lib/gcc/arm-none-eabi/13.2.1/../../../../arm-none-eabi/lib/thumb/v6-m/nofp/libc.a(libc_a-memcpy-stub.o)
                0x080041a0                memcpy
 .text.strlen   0x0800422c       0x5c /Applications/ArmGNUToolchain/13.2.Rel1/arm-none-eabi/bin/../lib/gcc/arm-none-eabi/13.2.1/../../../../arm-none-eabi/lib/thumb/v6-m/nofp/libc.a(libc_a-strlen-stub.o)
                0x0800422c                strlen
 .text._wcrtomb_r
                0x08004288       0x50 /Applications/ArmGNUToolchain/13.2.Rel1/arm-none-eabi/bin/../lib/gcc/arm-none-eabi/13.2.1/../../../../arm-none-eabi/lib/thumb/v6-m/nofp/libc.a(libc_a-wcrtomb.o)
                0x08004288                _wcrtomb_r
 .text._wcsrtombs_r
                0x080042d8       0x18 /Applications/ArmGNUToolchain/13.2.Rel1/arm-none-eabi/bin/../lib/gcc/arm-none-eabi/13.2.1/../../../../arm-none-eabi/lib/thumb/v6-m/nofp/libc.a(libc_a-wcsrtombs.o)
                0x080042d8                _wcsrtombs_r
 .text.frexp    0x080042f0       0x68 /Applications/ArmGNUToolchain/13.2.Rel1/arm-none-eabi/bin/../lib/gcc/arm-none-eabi/13.2.1/../../../../arm-none-eabi/lib/thumb/v6-m/nofp/libc.a(libm_a-s_frexp.o)
                0x080042f0                frexp
 .text.quorem   0x08004358      0x154 /Applications/ArmGNUToolchain/13.2.Rel1/arm-none-eabi/bin/../lib/gcc/arm-none-eabi/13.2.1/../../../../arm-none-eabi/lib/thumb/v6-m/nofp/libc.a(libc_a-dtoa.o)
 .text._dtoa_r  0x080044ac      0xfb8 /Applications/ArmGNUToolchain/13.2.Rel1/arm-none-eabi/bin/../lib/gcc/arm-none-eabi/13.2.1/../../../../arm-none-eabi/lib/thumb/v6-m/nofp/libc.a(libc_a-dtoa.o)
                0x080044ac                _dtoa_r
 .text._malloc_trim_r
                0x08005464       0xb4 /Applications/ArmGNUToolchain/13.2.Rel1/arm-none-eabi/bin/../lib/gcc/arm-none-eabi/13.2.1/../../../../arm-none-eabi/lib/thumb/v6-m/nofp/libc.a(libc_a-freer.o)
                0x08005464                _malloc_trim_r
 .text._free_r  0x08005518      0x1d4 /Applications/ArmGNUToolchain/13.2.Rel1/arm-none-eabi/bin/../lib/gcc/arm-none-eabi/13.2.1/../../../../arm-none-eabi/lib/thumb/v6-m/nofp/libc.a(libc_a-freer.o)
                0x08005518                _free_r
 .text._malloc_r
                0x080056ec      0x5c4 /Applications/ArmGNUToolchain/13.2.Rel1/arm-none-eabi/bin/../lib/gcc/arm-none-eabi/13.2.1/../../../../arm-none-eabi/lib/thumb/v6-m/nofp/libc.a(libc_a-mallocr.o)
                0x080056ec                _malloc_r
 .text.__ascii_mbtowc
                0x08005cb0       0x2c /Applications/ArmGNUToolchain/13.2.Rel1/arm-none-eabi/bin/../lib/gcc/arm-none-eabi/13.2.1/../../../../arm-none-eabi/lib/thumb/v6-m/nofp/libc.a(libc_a-mbtowc_r.o)
                0x08005cb0                __ascii_mbtowc
 .text.__smakebuf_r
                0x08005cdc       0xe0 /Applications/ArmGNUToolchain/13.2.Rel1/arm-none-eabi/bin/../lib/gcc/arm-none-eabi/13.2.1/../../../../arm-none-eabi/lib/thumb/v6-m/nofp/libc.a(libc_a-makebuf.o)
                0x08005cdc                __smakebuf_r
 .text.__malloc_lock
                0x08005dbc       0x10 /Applications/ArmGNUToolchain/13.2.Rel1/arm-none-eabi/bin/../lib/gcc/arm-none-eabi/13.2.1/../../../../arm-none-eabi/lib/thumb/v6-m/nofp/libc.a(libc_a-mlock.o)
                0x08005dbc                __malloc_lock
 .text.__malloc_unlock
                0x08005dcc       0x10 /Applications/ArmGNUToolchain/13.2.Rel1/arm-none-eabi/bin/../lib/gcc/arm-none-eabi/13.2.1/../../../../arm-none-eabi/lib/thumb/v6-m/nofp/libc.a(libc_a-mlock.o)
                0x08005dcc                __malloc_unlock
 .text._Balloc  0x08005ddc       0x50 /Applications/ArmGNUToolchain/13.2.Rel1/arm-none-eabi/bin/../lib/gcc/arm-none-eabi/13.2.1/../../../../arm-none-eabi/lib/thumb/v6-m/nofp/libc.a(libc_a-mprec.o)
                0x08005ddc                _Balloc
 .text._Bfree   0x08005e2c       0x14 /Applications/ArmGNUToolchain/13.2.Rel1/arm-none-eabi/bin/../lib/gcc/arm-none-eabi/13.2.1/../../../../arm-none-eabi/lib/thumb/v6-m/nofp/libc.a(libc_a-mprec.o)
                0x08005e2c                _Bfree
 .text.__multadd
                0x08005e40       0xa8 /Applications/ArmGNUToolchain/13.2.Rel1/arm-none-eabi/bin/../lib/gcc/arm-none-eabi/13.2.1/../../../../arm-none-eabi/lib/thumb/v6-m/nofp/libc.a(libc_a-mprec.o)
                0x08005e40                __multadd
 .text.__hi0bits
                0x08005ee8       0x4c /Applications/ArmGNUToolchain/13.2.Rel1/arm-none-eabi/bin/../lib/gcc/arm-none-eabi/13.2.1/../../../../arm-none-eabi/lib/thumb/v6-m/nofp/libc.a(libc_a-mprec.o)
                0x08005ee8                __hi0bits
 .text.__lo0bits
                0x08005f34       0x5c /Applications/ArmGNUToolchain/13.2.Rel1/arm-none-eabi/bin/../lib/gcc/arm-none-eabi/13.2.1/../../../../arm-none-eabi/lib/thumb/v6-m/nofp/libc.a(libc_a-mprec.o)
                0x08005f34                __lo0bits
 .text.__i2b    0x08005f90       0x60 /Applications/ArmGNUToolchain/13.2.Rel1/arm-none-eabi/bin/../lib/gcc/arm-none-eabi/13.2.1/../../../../arm-none-eabi/lib/thumb/v6-m/nofp/libc.a(libc_a-mprec.o)
                0x08005f90                __i2b
 .text.__multiply
                0x08005ff0      0x1ac /Applications/ArmGNUToolchain/13.2.Rel1/arm-none-eabi/bin/../lib/gcc/arm-none-eabi/13.2.1/../../../../arm-none-eabi/lib/thumb/v6-m/nofp/libc.a(libc_a-mprec.o)
                0x08005ff0                __multiply
 .text.__pow5mult
                0x0800619c       0xd0 /Applications/ArmGNUToolchain/13.2.Rel1/arm-none-eabi/bin/../lib/gcc/arm-none-eabi/13.2.1/../../../../arm-none-eabi/lib/thumb/v6-m/nofp/libc.a(libc_a-mprec.o)
                0x0800619c                __pow5mult
 .text.__lshift
                0x0800626c       0xfc /Applications/ArmGNUToolchain/13.2.Rel1/arm-none-eabi/bin/../lib/gcc/arm-none-eabi/13.2.1/../../../../arm-none-eabi/lib/thumb/v6-m/nofp/libc.a(libc_a-mprec.o)
                0x0800626c                __lshift
 .text.__mcmp   0x08006368       0x3c /Applications/ArmGNUToolchain/13.2.Rel1/arm-none-eabi/bin/../lib/gcc/arm-none-eabi/13.2.1/../../../../arm-none-eabi/lib/thumb/v6-m/nofp/libc.a(libc_a-mprec.o)
                0x08006368                __mcmp
 .text.__mdiff  0x080063a4      0x1b4 /Applications/ArmGNUToolchain/13.2.Rel1/arm-none-eabi/bin/../lib/gcc/arm-none-eabi/13.2.1/../../../../arm-none-eabi/lib/thumb/v6-m/nofp/libc.a(libc_a-mprec.o)
                0x080063a4                __mdiff
 .text.__d2b    0x08006558       0xcc /Applications/ArmGNUToolchain/13.2.Rel1/arm-none-eabi/bin/../lib/gcc/arm-none-eabi/13.2.1/../../../../arm-none-eabi/lib/thumb/v6-m/nofp/libc.a(libc_a-mprec.o)
                0x08006558                __d2b
 .text._fclose_r
                0x08006624       0xd0 /Applications/ArmGNUToolchain/13.2.Rel1/arm-none-eabi/bin/../lib/gcc/arm-none-eabi/13.2.1/../../../../arm-none-eabi/lib/thumb/v6-m/nofp/libc.a(libc_a-fclose.o)
                0x08006624                _fclose_r
 .text._realloc_r
                0x080066f4      0x350 /Applications/ArmGNUToolchain/13.2.Rel1/arm-none-eabi/bin/../lib/gcc/arm-none-eabi/13.2.1/../../../../arm-none-eabi/lib/thumb/v6-m/nofp/libc.a(libc_a-reallocr.o)
                0x080066f4                _realloc_r
 .text.__sread  0x08006a44       0x28 /Applications/ArmGNUToolchain/13.2.Rel1/arm-none-eabi/bin/../lib/gcc/arm-none-eabi/13.2.1/../../../../arm-none-eabi/lib/thumb/v6-m/nofp/libc.a(libc_a-stdio.o)
                0x08006a44                __sread
 .text.__swrite
                0x08006a6c       0x40 /Applications/ArmGNUToolchain/13.2.Rel1/arm-none-eabi/bin/../lib/gcc/arm-none-eabi/13.2.1/../../../../arm-none-eabi/lib/thumb/v6-m/nofp/libc.a(libc_a-stdio.o)
                0x08006a6c                __swrite
 .text.__sseek  0x08006aac       0x30 /Applications/ArmGNUToolchain/13.2.Rel1/arm-none-eabi/bin/../lib/gcc/arm-none-eabi/13.2.1/../../../../arm-none-eabi/lib/thumb/v6-m/nofp/libc.a(libc_a-stdio.o)
                0x08006aac                __sseek
 .text.__sclose
                0x08006adc        0xc /Applications/ArmGNUToolchain/13.2.Rel1/arm-none-eabi/bin/../lib/gcc/arm-none-eabi/13.2.1/../../../../arm-none-eabi/lib/thumb/v6-m/nofp/libc.a(libc_a-stdio.o)
                0x08006adc                __sclose
 .text.__ascii_wctomb
                0x08006ae8       0x1c /Applications/ArmGNUToolchain/13.2.Rel1/arm-none-eabi/bin/../lib/gcc/arm-none-eabi/13.2.1/../../../../arm-none-eabi/lib/thumb/v6-m/nofp/libc.a(libc_a-wctomb_r.o)
                0x08006ae8                __ascii_wctomb
 .text.__swbuf_r
                0x08006b04       0xc4 /Applications/ArmGNUToolchain/13.2.Rel1/arm-none-eabi/bin/../lib/gcc/arm-none-eabi/13.2.1/../../../../arm-none-eabi/lib/thumb/v6-m/nofp/libc.a(libc_a-wbuf.o)
                0x08006b04                __swbuf_r
 .text._close_r
                0x08006bc8       0x24 /Applications/ArmGNUToolchain/13.2.Rel1/arm-none-eabi/bin/../lib/gcc/arm-none-eabi/13.2.1/../../../../arm-none-eabi/lib/thumb/v6-m/nofp/libc.a(libc_a-closer.o)
                0x08006bc8                _close_r
 .text._fstat_r
                0x08006bec       0x28 /Applications/ArmGNUToolchain/13.2.Rel1/arm-none-eabi/bin/../lib/gcc/arm-none-eabi/13.2.1/../../../../arm-none-eabi/lib/thumb/v6-m/nofp/libc.a(libc_a-fstatr.o)
                0x08006bec                _fstat_r
 .text._isatty_r
                0x08006c14       0x24 /Applications/ArmGNUToolchain/13.2.Rel1/arm-none-eabi/bin/../lib/gcc/arm-none-eabi/13.2.1/../../../../arm-none-eabi/lib/thumb/v6-m/nofp/libc.a(libc_a-isattyr.o)
                0x08006c14                _isatty_r
 .text._lseek_r
                0x08006c38       0x28 /Applications/ArmGNUToolchain/13.2.Rel1/arm-none-eabi/bin/../lib/gcc/arm-none-eabi/13.2.1/../../../../arm-none-eabi/lib/thumb/v6-m/nofp/libc.a(libc_a-lseekr.o)
                0x08006c38                _lseek_r
 .text._read_r  0x08006c60       0x28 /Applications/ArmGNUToolchain/13.2.Rel1/arm-none-eabi/bin/../lib/gcc/arm-none-eabi/13.2.1/../../../../arm-none-eabi/lib/thumb/v6-m/nofp/libc.a(libc_a-readr.o)
                0x08006c60                _read_r
 .text._sbrk_r  0x08006c88       0x24 /Applications/ArmGNUToolchain/13.2.Rel1/arm-none-eabi/bin/../lib/gcc/arm-none-eabi/13.2.1/../../../../arm-none-eabi/lib/thumb/v6-m/nofp/libc.a(libc_a-sbrkr.o)
                0x08006c88                _sbrk_r
 .text._write_r
                0x08006cac       0x28 /Applications/ArmGNUToolchain/13.2.Rel1/arm-none-eabi/bin/../lib/gcc/arm-none-eabi/13.2.1/../../../../arm-none-eabi/lib/thumb/v6-m/nofp/libc.a(libc_a-writer.o)
                0x08006cac                _write_r
 .text.sysconf  0x08006cd4       0x1c /Applications/ArmGNUToolchain/13.2.Rel1/arm-none-eabi/bin/../lib/gcc/arm-none-eabi/13.2.1/../../../../arm-none-eabi/lib/thumb/v6-m/nofp/libc.a(libc_a-sysconf.o)
                0x08006cd4                sysconf
 .text._wcsnrtombs_l
                0x08006cf0      0x114 /Applications/ArmGNUToolchain/13.2.Rel1/arm-none-eabi/bin/../lib/gcc/arm-none-eabi/13.2.1/../../../../arm-none-eabi/lib/thumb/v6-m/nofp/libc.a(libc_a-wcsnrtombs.o)
                0x08006cf0                _wcsnrtombs_l
 .text._wcsnrtombs_r
                0x08006e04       0x24 /Applications/ArmGNUToolchain/13.2.Rel1/arm-none-eabi/bin/../lib/gcc/arm-none-eabi/13.2.1/../../../../arm-none-eabi/lib/thumb/v6-m/nofp/libc.a(libc_a-wcsnrtombs.o)
                0x08006e04                _wcsnrtombs_r
 .text.__assert_func
                0x08006e28       0x40 /Applications/ArmGNUToolchain/13.2.Rel1/arm-none-eabi/bin/../lib/gcc/arm-none-eabi/13.2.1/../../../../arm-none-eabi/lib/thumb/v6-m/nofp/libc.a(libc_a-assert.o)
                0x08006e28                __assert_func
 .text._calloc_r
                0x08006e68       0xa8 /Applications/ArmGNUToolchain/13.2.Rel1/arm-none-eabi/bin/../lib/gcc/arm-none-eabi/13.2.1/../../../../arm-none-eabi/lib/thumb/v6-m/nofp/libc.a(libc_a-callocr.o)
                0x08006e68                _calloc_r
 .text.fiprintf
                0x08006f10       0x24 /Applications/ArmGNUToolchain/13.2.Rel1/arm-none-eabi/bin/../lib/gcc/arm-none-eabi/13.2.1/../../../../arm-none-eabi/lib/thumb/v6-m/nofp/libc.a(libc_a-fiprintf.o)
                0x08006f10                fiprintf
 .text.abort    0x08006f34       0x10 /Applications/ArmGNUToolchain/13.2.Rel1/arm-none-eabi/bin/../lib/gcc/arm-none-eabi/13.2.1/../../../../arm-none-eabi/lib/thumb/v6-m/nofp/libc.a(libc_a-abort.o)
                0x08006f34                abort
 .text.raise    0x08006f44       0x5c /Applications/ArmGNUToolchain/13.2.Rel1/arm-none-eabi/bin/../lib/gcc/arm-none-eabi/13.2.1/../../../../arm-none-eabi/lib/thumb/v6-m/nofp/libc.a(libc_a-signal.o)
                0x08006f44                raise
 .text._kill_r  0x08006fa0       0x28 /Applications/ArmGNUToolchain/13.2.Rel1/arm-none-eabi/bin/../lib/gcc/arm-none-eabi/13.2.1/../../../../arm-none-eabi/lib/thumb/v6-m/nofp/libc.a(libc_a-signalr.o)
                0x08006fa0                _kill_r
 .text._getpid_r
                0x08006fc8        0x8 /Applications/ArmGNUToolchain/13.2.Rel1/arm-none-eabi/bin/../lib/gcc/arm-none-eabi/13.2.1/../../../../arm-none-eabi/lib/thumb/v6-m/nofp/libc.a(libc_a-signalr.o)
                0x08006fc8                _getpid_r
 .text          0x08006fd0       0x14 /Applications/ArmGNUToolchain/13.2.Rel1/arm-none-eabi/bin/../lib/gcc/arm-none-eabi/13.2.1/thumb/v6-m/nofp/libgcc.a(_thumb1_case_uqi.o)
                0x08006fd0                __gnu_thumb1_case_uqi
 .text          0x08006fe4      0x114 /Applications/ArmGNUToolchain/13.2.Rel1/arm-none-eabi/bin/../lib/gcc/arm-none-eabi/13.2.1/thumb/v6-m/nofp/libgcc.a(_udivsi3.o)
                0x08006fe4                __udivsi3
                0x08006fe4                __aeabi_uidiv
                0x080070f0                __aeabi_uidivmod
 .text          0x080070f8      0x1d4 /Applications/ArmGNUToolchain/13.2.Rel1/arm-none-eabi/bin/../lib/gcc/arm-none-eabi/13.2.1/thumb/v6-m/nofp/libgcc.a(_divsi3.o)
                0x080070f8                __aeabi_idiv
                0x080070f8                __divsi3
                0x080072c4                __aeabi_idivmod
 .text          0x080072cc        0x4 /Applications/ArmGNUToolchain/13.2.Rel1/arm-none-eabi/bin/../lib/gcc/arm-none-eabi/13.2.1/thumb/v6-m/nofp/libgcc.a(_dvmd_tls.o)
                0x080072cc                __aeabi_ldiv0
                0x080072cc                __aeabi_idiv0
 .text          0x080072d0       0x7c /Applications/ArmGNUToolchain/13.2.Rel1/arm-none-eabi/bin/../lib/gcc/arm-none-eabi/13.2.1/thumb/v6-m/nofp/libgcc.a(_arm_cmpdf2.o)
                0x080072d0                __aeabi_cdrcmple
                0x080072e0                __aeabi_cdcmple
                0x080072e0                __aeabi_cdcmpeq
                0x080072f0                __aeabi_dcmpeq
                0x080072fc                __aeabi_dcmplt
                0x08007310                __aeabi_dcmple
                0x08007324                __aeabi_dcmpgt
                0x08007338                __aeabi_dcmpge
 .text          0x0800734c       0x40 /Applications/ArmGNUToolchain/13.2.Rel1/arm-none-eabi/bin/../lib/gcc/arm-none-eabi/13.2.1/thumb/v6-m/nofp/libgcc.a(_aeabi_uldivmod.o)
                0x0800734c                __aeabi_uldivmod
 .text.__udivmoddi4
                0x0800738c      0x198 /Applications/ArmGNUToolchain/13.2.Rel1/arm-none-eabi/bin/../lib/gcc/arm-none-eabi/13.2.1/thumb/v6-m/nofp/libgcc.a(_udivmoddi4.o)
                0x0800738c                __udivmoddi4
 .text.__aeabi_dadd
                0x08007524      0x730 /Applications/ArmGNUToolchain/13.2.Rel1/arm-none-eabi/bin/../lib/gcc/arm-none-eabi/13.2.1/thumb/v6-m/nofp/libgcc.a(adddf3.o)
                0x08007524                __aeabi_dadd
 .text.__aeabi_ddiv
                0x08007c54      0x604 /Applications/ArmGNUToolchain/13.2.Rel1/arm-none-eabi/bin/../lib/gcc/arm-none-eabi/13.2.1/thumb/v6-m/nofp/libgcc.a(divdf3.o)
                0x08007c54                __aeabi_ddiv
 .text.__eqdf2  0x08008258       0x88 /Applications/ArmGNUToolchain/13.2.Rel1/arm-none-eabi/bin/../lib/gcc/arm-none-eabi/13.2.1/thumb/v6-m/nofp/libgcc.a(eqdf2.o)
                0x08008258                __eqdf2
                0x08008258                __nedf2
 .text.__gedf2  0x080082e0       0xe0 /Applications/ArmGNUToolchain/13.2.Rel1/arm-none-eabi/bin/../lib/gcc/arm-none-eabi/13.2.1/thumb/v6-m/nofp/libgcc.a(gedf2.o)
                0x080082e0                __gtdf2
                0x080082e0                __gedf2
 .text.__ledf2  0x080083c0       0xdc /Applications/ArmGNUToolchain/13.2.Rel1/arm-none-eabi/bin/../lib/gcc/arm-none-eabi/13.2.1/thumb/v6-m/nofp/libgcc.a(ledf2.o)
                0x080083c0                __ltdf2
                0x080083c0                __ledf2
 .text.__aeabi_dmul
                0x0800849c      0x598 /Applications/ArmGNUToolchain/13.2.Rel1/arm-none-eabi/bin/../lib/gcc/arm-none-eabi/13.2.1/thumb/v6-m/nofp/libgcc.a(muldf3.o)
                0x0800849c                __aeabi_dmul
 .text.__aeabi_dsub
                0x08008a34      0x710 /Applications/ArmGNUToolchain/13.2.Rel1/arm-none-eabi/bin/../lib/gcc/arm-none-eabi/13.2.1/thumb/v6-m/nofp/libgcc.a(subdf3.o)
                0x08008a34                __aeabi_dsub
 .text.__aeabi_dcmpun
                0x08009144       0x44 /Applications/ArmGNUToolchain/13.2.Rel1/arm-none-eabi/bin/../lib/gcc/arm-none-eabi/13.2.1/thumb/v6-m/nofp/libgcc.a(unorddf2.o)
                0x08009144                __aeabi_dcmpun
 .text.__aeabi_d2iz
                0x08009188       0x78 /Applications/ArmGNUToolchain/13.2.Rel1/arm-none-eabi/bin/../lib/gcc/arm-none-eabi/13.2.1/thumb/v6-m/nofp/libgcc.a(fixdfsi.o)
                0x08009188                __aeabi_d2iz
 .text.__aeabi_i2d
                0x08009200       0x5c /Applications/ArmGNUToolchain/13.2.Rel1/arm-none-eabi/bin/../lib/gcc/arm-none-eabi/13.2.1/thumb/v6-m/nofp/libgcc.a(floatsidf.o)
                0x08009200                __aeabi_i2d
 .text.__aeabi_ui2d
                0x0800925c       0x48 /Applications/ArmGNUToolchain/13.2.Rel1/arm-none-eabi/bin/../lib/gcc/arm-none-eabi/13.2.1/thumb/v6-m/nofp/libgcc.a(floatunsidf.o)
                0x0800925c                __aeabi_ui2d
 .text          0x080092a4       0x3c /Applications/ArmGNUToolchain/13.2.Rel1/arm-none-eabi/bin/../lib/gcc/arm-none-eabi/13.2.1/thumb/v6-m/nofp/libgcc.a(_clzsi2.o)
                0x080092a4                __clzsi2
 .text          0x080092e0       0x18 /Applications/ArmGNUToolchain/13.2.Rel1/arm-none-eabi/bin/../lib/gcc/arm-none-eabi/13.2.1/thumb/v6-m/nofp/libgcc.a(_clzdi2.o)
                0x080092e0                __clzdi2
 .text._close   0x080092f8       0x10 /Applications/ArmGNUToolchain/13.2.Rel1/arm-none-eabi/bin/../lib/gcc/arm-none-eabi/13.2.1/../../../../arm-none-eabi/lib/thumb/v6-m/nofp/libnosys.a(close.o)
                0x080092f8                _close
 .text._fstat   0x08009308       0x10 /Applications/ArmGNUToolchain/13.2.Rel1/arm-none-eabi/bin/../lib/gcc/arm-none-eabi/13.2.1/../../../../arm-none-eabi/lib/thumb/v6-m/nofp/libnosys.a(fstat.o)
                0x08009308                _fstat
 .text._getpid  0x08009318       0x10 /Applications/ArmGNUToolchain/13.2.Rel1/arm-none-eabi/bin/../lib/gcc/arm-none-eabi/13.2.1/../../../../arm-none-eabi/lib/thumb/v6-m/nofp/libnosys.a(getpid.o)
                0x08009318                _getpid
 .text._isatty  0x08009328       0x10 /Applications/ArmGNUToolchain/13.2.Rel1/arm-none-eabi/bin/../lib/gcc/arm-none-eabi/13.2.1/../../../../arm-none-eabi/lib/thumb/v6-m/nofp/libnosys.a(isatty.o)
                0x08009328                _isatty
 .text._kill    0x08009338       0x10 /Applications/ArmGNUToolchain/13.2.Rel1/arm-none-eabi/bin/../lib/gcc/arm-none-eabi/13.2.1/../../../../arm-none-eabi/lib/thumb/v6-m/nofp/libnosys.a(kill.o)
                0x08009338                _kill
 .text._lseek   0x08009348       0x10 /Applications/ArmGNUToolchain/13.2.Rel1/arm-none-eabi/bin/../lib/gcc/arm-none-eabi/13.2.1/../../../../arm-none-eabi/lib/thumb/v6-m/nofp/libnosys.a(lseek.o)
                0x08009348                _lseek
 .text._read    0x08009358       0x10 /Applications/ArmGNUToolchain/13.2.Rel1/arm-none-eabi/bin/../lib/gcc/arm-none-eabi/13.2.1/../../../../arm-none-eabi/lib/thumb/v6-m/nofp/libnosys.a(read.o)
                0x08009358                _read
 .text._sbrk    0x08009368       0x1c /Applications/ArmGNUToolchain/13.2.Rel1/arm-none-eabi/bin/../lib/gcc/arm-none-eabi/13.2.1/../../../../arm-none-eabi/lib/thumb/v6-m/nofp/libnosys.a(sbrk.o)
                0x08009368                _sbrk
 .text._exit    0x08009384        0x4 /Applications/ArmGNUToolchain/13.2.Rel1/arm-none-eabi/bin/../lib/gcc/arm-none-eabi/13.2.1/../../../../arm-none-eabi/lib/thumb/v6-m/nofp/libnosys.a(_exit.o)
                0x08009384                _exit
                0x08009388                        . = ALIGN (0x4)
 *(.rodata*)
 .rodata.main.str1.1
                0x08009388        0x4 src//main.o
 .rodata._vfprintf_r.str1.4
                0x0800938c      0x1b7 /Applications/ArmGNUToolchain/13.2.Rel1/arm-none-eabi/bin/../lib/gcc/arm-none-eabi/13.2.1/../../../../arm-none-eabi/lib/thumb/v6-m/nofp/libc.a(libc_a-vfprintf.o)
                                 0x42 (size before relaxing)
 *fill*         0x08009543        0x1 
 .rodata._vfprintf_r
                0x08009544      0x204 /Applications/ArmGNUToolchain/13.2.Rel1/arm-none-eabi/bin/../lib/gcc/arm-none-eabi/13.2.1/../../../../arm-none-eabi/lib/thumb/v6-m/nofp/libc.a(libc_a-vfprintf.o)
 .rodata.zeroes.0
                0x08009748       0x10 /Applications/ArmGNUToolchain/13.2.Rel1/arm-none-eabi/bin/../lib/gcc/arm-none-eabi/13.2.1/../../../../arm-none-eabi/lib/thumb/v6-m/nofp/libc.a(libc_a-vfprintf.o)
 .rodata.blanks.1
                0x08009758       0x10 /Applications/ArmGNUToolchain/13.2.Rel1/arm-none-eabi/bin/../lib/gcc/arm-none-eabi/13.2.1/../../../../arm-none-eabi/lib/thumb/v6-m/nofp/libc.a(libc_a-vfprintf.o)
 .rodata._vfiprintf_r.str1.4
                0x08009768       0x2f /Applications/ArmGNUToolchain/13.2.Rel1/arm-none-eabi/bin/../lib/gcc/arm-none-eabi/13.2.1/../../../../arm-none-eabi/lib/thumb/v6-m/nofp/libc.a(libc_a-vfiprintf.o)
 .rodata._vfiprintf_r
                0x08009768      0x16c /Applications/ArmGNUToolchain/13.2.Rel1/arm-none-eabi/bin/../lib/gcc/arm-none-eabi/13.2.1/../../../../arm-none-eabi/lib/thumb/v6-m/nofp/libc.a(libc_a-vfiprintf.o)
 .rodata.zeroes.0
                0x080098d4       0x10 /Applications/ArmGNUToolchain/13.2.Rel1/arm-none-eabi/bin/../lib/gcc/arm-none-eabi/13.2.1/../../../../arm-none-eabi/lib/thumb/v6-m/nofp/libc.a(libc_a-vfiprintf.o)
 .rodata.blanks.1
                0x080098e4       0x10 /Applications/ArmGNUToolchain/13.2.Rel1/arm-none-eabi/bin/../lib/gcc/arm-none-eabi/13.2.1/../../../../arm-none-eabi/lib/thumb/v6-m/nofp/libc.a(libc_a-vfiprintf.o)
 .rodata.str1.4
                0x080098f4       0x4c /Applications/ArmGNUToolchain/13.2.Rel1/arm-none-eabi/bin/../lib/gcc/arm-none-eabi/13.2.1/../../../../arm-none-eabi/lib/thumb/v6-m/nofp/libc.a(libc_a-locale.o)
 .rodata._ctype_
                0x080098f4      0x101 /Applications/ArmGNUToolchain/13.2.Rel1/arm-none-eabi/bin/../lib/gcc/arm-none-eabi/13.2.1/../../../../arm-none-eabi/lib/thumb/v6-m/nofp/libc.a(libc_a-ctype_.o)
                0x080098f4                _ctype_
 .rodata._dtoa_r.str1.4
                0x080099f5       0x89 /Applications/ArmGNUToolchain/13.2.Rel1/arm-none-eabi/bin/../lib/gcc/arm-none-eabi/13.2.1/../../../../arm-none-eabi/lib/thumb/v6-m/nofp/libc.a(libc_a-dtoa.o)
 .rodata.__multadd.str1.4
                0x080099f5       0x76 /Applications/ArmGNUToolchain/13.2.Rel1/arm-none-eabi/bin/../lib/gcc/arm-none-eabi/13.2.1/../../../../arm-none-eabi/lib/thumb/v6-m/nofp/libc.a(libc_a-mprec.o)
 *fill*         0x080099f5        0x3 
 .rodata.p05.0  0x080099f8        0xc /Applications/ArmGNUToolchain/13.2.Rel1/arm-none-eabi/bin/../lib/gcc/arm-none-eabi/13.2.1/../../../../arm-none-eabi/lib/thumb/v6-m/nofp/libc.a(libc_a-mprec.o)
 *fill*         0x08009a04        0x4 
 .rodata.__mprec_bigtens
                0x08009a08       0x28 /Applications/ArmGNUToolchain/13.2.Rel1/arm-none-eabi/bin/../lib/gcc/arm-none-eabi/13.2.1/../../../../arm-none-eabi/lib/thumb/v6-m/nofp/libc.a(libc_a-mprec.o)
                0x08009a08                __mprec_bigtens
 .rodata.__mprec_tens
                0x08009a30       0xc8 /Applications/ArmGNUToolchain/13.2.Rel1/arm-none-eabi/bin/../lib/gcc/arm-none-eabi/13.2.1/../../../../arm-none-eabi/lib/thumb/v6-m/nofp/libc.a(libc_a-mprec.o)
                0x08009a30                __mprec_tens
 .rodata.__assert_func.str1.4
                0x08009af8       0x43 /Applications/ArmGNUToolchain/13.2.Rel1/arm-none-eabi/bin/../lib/gcc/arm-none-eabi/13.2.1/../../../../arm-none-eabi/lib/thumb/v6-m/nofp/libc.a(libc_a-assert.o)
 .rodata.__aeabi_ddiv
                0x08009af8       0x40 /Applications/ArmGNUToolchain/13.2.Rel1/arm-none-eabi/bin/../lib/gcc/arm-none-eabi/13.2.1/thumb/v6-m/nofp/libgcc.a(divdf3.o)
                0x08009b3c                        . = ALIGN (0x4)

.glue_7         0x08009b38        0x0
 .glue_7        0x08009b38        0x0 linker stubs

.glue_7t        0x08009b38        0x0
 .glue_7t       0x08009b38        0x0 linker stubs

.vfp11_veneer   0x08009b38        0x0
 .vfp11_veneer  0x08009b38        0x0 linker stubs

.v4_bx          0x08009b38        0x0
 .v4_bx         0x08009b38        0x0 linker stubs

.iplt           0x08009b38        0x0
 .iplt          0x08009b38        0x0 src//clock.o

.preinit_array  0x08009b38        0x0
                0x08009b38                        . = ALIGN (0x4)
                0x08009b38                        __preinit_array_start = .
 *(.preinit_array)
                0x08009b38                        __preinit_array_end = .

.init_array     0x08009b38        0x0
                0x08009b38                        . = ALIGN (0x4)
                0x08009b38                        __init_array_start = .
 *(SORT_BY_NAME(.init_array.*))
 *(.init_array)
                0x08009b38                        __init_array_end = .

.fini_array     0x08009b38        0x0
                0x08009b38                        . = ALIGN (0x4)
                0x08009b38                        __fini_array_start = .
 *(.fini_array)
 *(SORT_BY_NAME(.fini_array.*))
                0x08009b38                        __fini_array_end = .

.ARM.extab
 *(.ARM.extab*)

.ARM.exidx      0x08009b38        0x8
                0x08009b38                        __exidx_start = .
 *(.ARM.exidx*)
 .ARM.exidx.text.__udivmoddi4
                0x08009b38        0x8 /Applications/ArmGNUToolchain/13.2.Rel1/arm-none-eabi/bin/../lib/gcc/arm-none-eabi/13.2.1/thumb/v6-m/nofp/libgcc.a(_udivmoddi4.o)
                0x08009b40                        __exidx_end = .

.rel.dyn        0x08009b40        0x0
 .rel.iplt      0x08009b40        0x0 src//clock.o
                0x08009b40                        . = ALIGN (0x4)
                0x08009b40                        _etext = .

.noinit
 *(.noinit*)
                0x08009b40                        . = ALIGN (0x4)

.data           0x20000000      0x6b8 load address 0x08009b40
                0x20000000                        _data = .
 *(.data*)
 .data.channel_array
                0x20000000        0x3 src//main.o
                0x20000000                channel_array
 *fill*         0x20000003        0x1 
 .data.rcc_apb1_frequency
                0x20000004        0x4 ./libopencm3//lib/libopencm3_stm32f0.a(rcc.o)
                0x20000004                rcc_apb1_frequency
 .data.rcc_ahb_frequency
                0x20000008        0x4 ./libopencm3//lib/libopencm3_stm32f0.a(rcc.o)
                0x20000008                rcc_ahb_frequency
 .data.__sglue  0x2000000c        0xc /Applications/ArmGNUToolchain/13.2.Rel1/arm-none-eabi/bin/../lib/gcc/arm-none-eabi/13.2.1/../../../../arm-none-eabi/lib/thumb/v6-m/nofp/libc.a(libc_a-findfp.o)
                0x2000000c                __sglue
 .data.__global_locale
                0x20000018      0x16c /Applications/ArmGNUToolchain/13.2.Rel1/arm-none-eabi/bin/../lib/gcc/arm-none-eabi/13.2.1/../../../../arm-none-eabi/lib/thumb/v6-m/nofp/libc.a(libc_a-locale.o)
                0x20000018                __global_locale
 .data._impure_ptr
                0x20000184        0x4 /Applications/ArmGNUToolchain/13.2.Rel1/arm-none-eabi/bin/../lib/gcc/arm-none-eabi/13.2.1/../../../../arm-none-eabi/lib/thumb/v6-m/nofp/libc.a(libc_a-impure.o)
                0x20000184                _impure_ptr
 .data._impure_data
                0x20000188      0x120 /Applications/ArmGNUToolchain/13.2.Rel1/arm-none-eabi/bin/../lib/gcc/arm-none-eabi/13.2.1/../../../../arm-none-eabi/lib/thumb/v6-m/nofp/libc.a(libc_a-impure.o)
                0x20000188                _impure_data
 .data.__malloc_sbrk_base
                0x200002a8        0x4 /Applications/ArmGNUToolchain/13.2.Rel1/arm-none-eabi/bin/../lib/gcc/arm-none-eabi/13.2.1/../../../../arm-none-eabi/lib/thumb/v6-m/nofp/libc.a(libc_a-mallocr.o)
                0x200002a8                __malloc_sbrk_base
 .data.__malloc_trim_threshold
                0x200002ac        0x4 /Applications/ArmGNUToolchain/13.2.Rel1/arm-none-eabi/bin/../lib/gcc/arm-none-eabi/13.2.1/../../../../arm-none-eabi/lib/thumb/v6-m/nofp/libc.a(libc_a-mallocr.o)
                0x200002ac                __malloc_trim_threshold
 .data.__malloc_av_
                0x200002b0      0x408 /Applications/ArmGNUToolchain/13.2.Rel1/arm-none-eabi/bin/../lib/gcc/arm-none-eabi/13.2.1/../../../../arm-none-eabi/lib/thumb/v6-m/nofp/libc.a(libc_a-mallocr.o)
                0x200002b0                __malloc_av_
 *(.ramtext*)
                0x200006b8                        . = ALIGN (0x4)
                0x200006b8                        _edata = .
                0x08009b40                        _data_loadaddr = LOADADDR (.data)

.igot.plt       0x200006b8        0x0 load address 0x0800a1f8
 .igot.plt      0x200006b8        0x0 src//clock.o

.bss            0x200006b8      0x188 load address 0x0800a1f8
 *(.bss*)
 .bss.sys_time  0x200006b8        0x8 src//clock.o
 .bss.__sf      0x200006c0      0x138 /Applications/ArmGNUToolchain/13.2.Rel1/arm-none-eabi/bin/../lib/gcc/arm-none-eabi/13.2.1/../../../../arm-none-eabi/lib/thumb/v6-m/nofp/libc.a(libc_a-findfp.o)
                0x200006c0                __sf
 .bss.__stdio_exit_handler
                0x200007f8        0x4 /Applications/ArmGNUToolchain/13.2.Rel1/arm-none-eabi/bin/../lib/gcc/arm-none-eabi/13.2.1/../../../../arm-none-eabi/lib/thumb/v6-m/nofp/libc.a(libc_a-findfp.o)
                0x200007f8                __stdio_exit_handler
 .bss.__lock___malloc_recursive_mutex
                0x200007fc        0x1 /Applications/ArmGNUToolchain/13.2.Rel1/arm-none-eabi/bin/../lib/gcc/arm-none-eabi/13.2.1/../../../../arm-none-eabi/lib/thumb/v6-m/nofp/libc.a(libc_a-lock.o)
                0x200007fc                __lock___malloc_recursive_mutex
 *fill*         0x200007fd        0x3 
 .bss.__lock___sfp_recursive_mutex
                0x20000800        0x1 /Applications/ArmGNUToolchain/13.2.Rel1/arm-none-eabi/bin/../lib/gcc/arm-none-eabi/13.2.1/../../../../arm-none-eabi/lib/thumb/v6-m/nofp/libc.a(libc_a-lock.o)
                0x20000800                __lock___sfp_recursive_mutex
 *fill*         0x20000801        0x3 
 .bss.__malloc_current_mallinfo
                0x20000804       0x28 /Applications/ArmGNUToolchain/13.2.Rel1/arm-none-eabi/bin/../lib/gcc/arm-none-eabi/13.2.1/../../../../arm-none-eabi/lib/thumb/v6-m/nofp/libc.a(libc_a-mallocr.o)
                0x20000804                __malloc_current_mallinfo
 .bss.__malloc_max_total_mem
                0x2000082c        0x4 /Applications/ArmGNUToolchain/13.2.Rel1/arm-none-eabi/bin/../lib/gcc/arm-none-eabi/13.2.1/../../../../arm-none-eabi/lib/thumb/v6-m/nofp/libc.a(libc_a-mallocr.o)
                0x2000082c                __malloc_max_total_mem
 .bss.__malloc_max_sbrked_mem
                0x20000830        0x4 /Applications/ArmGNUToolchain/13.2.Rel1/arm-none-eabi/bin/../lib/gcc/arm-none-eabi/13.2.1/../../../../arm-none-eabi/lib/thumb/v6-m/nofp/libc.a(libc_a-mallocr.o)
                0x20000830                __malloc_max_sbrked_mem
 .bss.__malloc_top_pad
                0x20000834        0x4 /Applications/ArmGNUToolchain/13.2.Rel1/arm-none-eabi/bin/../lib/gcc/arm-none-eabi/13.2.1/../../../../arm-none-eabi/lib/thumb/v6-m/nofp/libc.a(libc_a-mallocr.o)
                0x20000834                __malloc_top_pad
 .bss.errno     0x20000838        0x4 /Applications/ArmGNUToolchain/13.2.Rel1/arm-none-eabi/bin/../lib/gcc/arm-none-eabi/13.2.1/../../../../arm-none-eabi/lib/thumb/v6-m/nofp/libc.a(libc_a-reent.o)
                0x20000838                errno
 .bss.heap_end.0
                0x2000083c        0x4 /Applications/ArmGNUToolchain/13.2.Rel1/arm-none-eabi/bin/../lib/gcc/arm-none-eabi/13.2.1/../../../../arm-none-eabi/lib/thumb/v6-m/nofp/libnosys.a(sbrk.o)
 *(COMMON)
                0x20000840                        . = ALIGN (0x4)
                0x20000840                        _ebss = .

/DISCARD/
 *(.eh_frame)
                0x20000840                        . = ALIGN (0x4)
                0x20000840                        end = .
                0x20002000                        PROVIDE (_stack = (ORIGIN (ram) + LENGTH (ram)))
OUTPUT(joystick-opencm3.elf elf32-littlearm)
LOAD linker stubs

.debug_info     0x00000000     0x3782
 .debug_info    0x00000000      0x1c8 src//clock.o
 .debug_info    0x000001c8      0x73c src//main.o
 .debug_info    0x00000904      0x2d7 src//usart.o
 .debug_info    0x00000bdb      0x581 ./libopencm3//lib/libopencm3_stm32f0.a(adc.o)
 .debug_info    0x0000115c      0x693 ./libopencm3//lib/libopencm3_stm32f0.a(adc_common_v2.o)
 .debug_info    0x000017ef      0x23e ./libopencm3//lib/libopencm3_stm32f0.a(gpio_common_f0234.o)
 .debug_info    0x00001a2d      0x949 ./libopencm3//lib/libopencm3_stm32f0.a(rcc.o)
 .debug_info    0x00002376      0x57f ./libopencm3//lib/libopencm3_stm32f0.a(rcc_common_all.o)
 .debug_info    0x000028f5      0x668 ./libopencm3//lib/libopencm3_stm32f0.a(usart_common_all.o)
 .debug_info    0x00002f5d      0x370 ./libopencm3//lib/libopencm3_stm32f0.a(usart_common_v2.o)
 .debug_info    0x000032cd      0x2c3 ./libopencm3//lib/libopencm3_stm32f0.a(vector.o)
 .debug_info    0x00003590      0x101 ./libopencm3//lib/libopencm3_stm32f0.a(assert.o)
 .debug_info    0x00003691       0xf1 ./libopencm3//lib/libopencm3_stm32f0.a(flash_common_all.o)

.debug_abbrev   0x00000000     0x1305
 .debug_abbrev  0x00000000      0x143 src//clock.o
 .debug_abbrev  0x00000143      0x221 src//main.o
 .debug_abbrev  0x00000364      0x119 src//usart.o
 .debug_abbrev  0x0000047d      0x1ff ./libopencm3//lib/libopencm3_stm32f0.a(adc.o)
 .debug_abbrev  0x0000067c      0x208 ./libopencm3//lib/libopencm3_stm32f0.a(adc_common_v2.o)
 .debug_abbrev  0x00000884       0xc3 ./libopencm3//lib/libopencm3_stm32f0.a(gpio_common_f0234.o)
 .debug_abbrev  0x00000947      0x310 ./libopencm3//lib/libopencm3_stm32f0.a(rcc.o)
 .debug_abbrev  0x00000c57      0x174 ./libopencm3//lib/libopencm3_stm32f0.a(rcc_common_all.o)
 .debug_abbrev  0x00000dcb      0x19a ./libopencm3//lib/libopencm3_stm32f0.a(usart_common_all.o)
 .debug_abbrev  0x00000f65      0x12d ./libopencm3//lib/libopencm3_stm32f0.a(usart_common_v2.o)
 .debug_abbrev  0x00001092      0x149 ./libopencm3//lib/libopencm3_stm32f0.a(vector.o)
 .debug_abbrev  0x000011db       0x94 ./libopencm3//lib/libopencm3_stm32f0.a(assert.o)
 .debug_abbrev  0x0000126f       0x96 ./libopencm3//lib/libopencm3_stm32f0.a(flash_common_all.o)

.debug_loclists
                0x00000000      0xda8
 .debug_loclists
                0x00000000       0x3a src//clock.o
 .debug_loclists
                0x0000003a       0x90 src//main.o
 .debug_loclists
                0x000000ca       0x93 src//usart.o
 .debug_loclists
                0x0000015d      0x26b ./libopencm3//lib/libopencm3_stm32f0.a(adc.o)
 .debug_loclists
                0x000003c8      0x1a0 ./libopencm3//lib/libopencm3_stm32f0.a(adc_common_v2.o)
 .debug_loclists
                0x00000568      0x195 ./libopencm3//lib/libopencm3_stm32f0.a(gpio_common_f0234.o)
 .debug_loclists
                0x000006fd      0x277 ./libopencm3//lib/libopencm3_stm32f0.a(rcc.o)
 .debug_loclists
                0x00000974       0xa4 ./libopencm3//lib/libopencm3_stm32f0.a(rcc_common_all.o)
 .debug_loclists
                0x00000a18      0x199 ./libopencm3//lib/libopencm3_stm32f0.a(usart_common_all.o)
 .debug_loclists
                0x00000bb1       0xb1 ./libopencm3//lib/libopencm3_stm32f0.a(usart_common_v2.o)
 .debug_loclists
                0x00000c62       0xaf ./libopencm3//lib/libopencm3_stm32f0.a(vector.o)
 .debug_loclists
                0x00000d11       0x80 ./libopencm3//lib/libopencm3_stm32f0.a(assert.o)
 .debug_loclists
                0x00000d91       0x17 ./libopencm3//lib/libopencm3_stm32f0.a(flash_common_all.o)

.debug_aranges  0x00000000      0x698
 .debug_aranges
                0x00000000       0x38 src//clock.o
 .debug_aranges
                0x00000038       0x20 src//main.o
 .debug_aranges
                0x00000058       0x28 src//usart.o
 .debug_aranges
                0x00000080       0xe0 ./libopencm3//lib/libopencm3_stm32f0.a(adc.o)
 .debug_aranges
                0x00000160      0x128 ./libopencm3//lib/libopencm3_stm32f0.a(adc_common_v2.o)
 .debug_aranges
                0x00000288       0x30 ./libopencm3//lib/libopencm3_stm32f0.a(gpio_common_f0234.o)
 .debug_aranges
                0x000002b8      0x138 ./libopencm3//lib/libopencm3_stm32f0.a(rcc.o)
 .debug_aranges
                0x000003f0       0x80 ./libopencm3//lib/libopencm3_stm32f0.a(rcc_common_all.o)
 .debug_aranges
                0x00000470       0xf0 ./libopencm3//lib/libopencm3_stm32f0.a(usart_common_all.o)
 .debug_aranges
                0x00000560       0xa8 ./libopencm3//lib/libopencm3_stm32f0.a(usart_common_v2.o)
 .debug_aranges
                0x00000608       0x30 ./libopencm3//lib/libopencm3_stm32f0.a(vector.o)
 .debug_aranges
                0x00000638       0x28 ./libopencm3//lib/libopencm3_stm32f0.a(assert.o)
 .debug_aranges
                0x00000660       0x38 ./libopencm3//lib/libopencm3_stm32f0.a(flash_common_all.o)

.debug_rnglists
                0x00000000      0x4f5
 .debug_rnglists
                0x00000000       0x25 src//clock.o
 .debug_rnglists
                0x00000025       0x38 src//main.o
 .debug_rnglists
                0x0000005d       0x19 src//usart.o
 .debug_rnglists
                0x00000076       0xa3 ./libopencm3//lib/libopencm3_stm32f0.a(adc.o)
 .debug_rnglists
                0x00000119       0xe5 ./libopencm3//lib/libopencm3_stm32f0.a(adc_common_v2.o)
 .debug_rnglists
                0x000001fe       0x1f ./libopencm3//lib/libopencm3_stm32f0.a(gpio_common_f0234.o)
 .debug_rnglists
                0x0000021d       0xf7 ./libopencm3//lib/libopencm3_stm32f0.a(rcc.o)
 .debug_rnglists
                0x00000314       0x5b ./libopencm3//lib/libopencm3_stm32f0.a(rcc_common_all.o)
 .debug_rnglists
                0x0000036f       0xaf ./libopencm3//lib/libopencm3_stm32f0.a(usart_common_all.o)
 .debug_rnglists
                0x0000041e       0x79 ./libopencm3//lib/libopencm3_stm32f0.a(usart_common_v2.o)
 .debug_rnglists
                0x00000497       0x20 ./libopencm3//lib/libopencm3_stm32f0.a(vector.o)
 .debug_rnglists
                0x000004b7       0x19 ./libopencm3//lib/libopencm3_stm32f0.a(assert.o)
 .debug_rnglists
                0x000004d0       0x25 ./libopencm3//lib/libopencm3_stm32f0.a(flash_common_all.o)

.debug_macro    0x00000000     0x5c18
 .debug_macro   0x00000000      0x122 src//clock.o
 .debug_macro   0x00000122      0xaa8 src//clock.o
 .debug_macro   0x00000bca       0x1c src//clock.o
 .debug_macro   0x00000be6       0x22 src//clock.o
 .debug_macro   0x00000c08       0x56 src//clock.o
 .debug_macro   0x00000c5e       0x51 src//clock.o
 .debug_macro   0x00000caf      0x103 src//clock.o
 .debug_macro   0x00000db2       0x6a src//clock.o
 .debug_macro   0x00000e1c      0x1df src//clock.o
 .debug_macro   0x00000ffb       0x22 src//clock.o
 .debug_macro   0x0000101d       0xe8 src//clock.o
 .debug_macro   0x00001105       0x52 src//clock.o
 .debug_macro   0x00001157      0x178 src//clock.o
 .debug_macro   0x000012cf      0x780 src//clock.o
 .debug_macro   0x00001a4f       0x76 src//clock.o
 .debug_macro   0x00001ac5      0x37e src//clock.o
 .debug_macro   0x00001e43       0xca src//clock.o
 .debug_macro   0x00001f0d       0x3a src//clock.o
 .debug_macro   0x00001f47       0x49 src//clock.o
 .debug_macro   0x00001f90       0xca src//clock.o
 .debug_macro   0x0000205a       0x6f src//clock.o
 .debug_macro   0x000020c9      0x1e9 src//main.o
 .debug_macro   0x000022b2       0x75 src//main.o
 .debug_macro   0x00002327       0x24 src//main.o
 .debug_macro   0x0000234b       0x5c src//main.o
 .debug_macro   0x000023a7       0x3c src//main.o
 .debug_macro   0x000023e3       0x34 src//main.o
 .debug_macro   0x00002417       0x16 src//main.o
 .debug_macro   0x0000242d       0x57 src//main.o
 .debug_macro   0x00002484       0x9e src//main.o
 .debug_macro   0x00002522      0x38c src//main.o
 .debug_macro   0x000028ae      0x10b src//main.o
 .debug_macro   0x000029b9       0x10 src//main.o
 .debug_macro   0x000029c9       0x16 src//main.o
 .debug_macro   0x000029df       0x4a src//main.o
 .debug_macro   0x00002a29       0x34 src//main.o
 .debug_macro   0x00002a5d       0x10 src//main.o
 .debug_macro   0x00002a6d       0x58 src//main.o
 .debug_macro   0x00002ac5      0x1de src//main.o
 .debug_macro   0x00002ca3       0x16 src//main.o
 .debug_macro   0x00002cb9       0x16 src//main.o
 .debug_macro   0x00002ccf      0x12a src//main.o
 .debug_macro   0x00002df9      0x190 src//main.o
 .debug_macro   0x00002f89       0x28 src//main.o
 .debug_macro   0x00002fb1      0x168 src//main.o
 .debug_macro   0x00003119      0x1e7 src//usart.o
 .debug_macro   0x00003300       0x10 src//usart.o
 .debug_macro   0x00003310      0x189 src//usart.o
 .debug_macro   0x00003499      0x23c src//usart.o
 .debug_macro   0x000036d5       0x3c src//usart.o
 .debug_macro   0x00003711       0x16 src//usart.o
 .debug_macro   0x00003727       0x10 src//usart.o
 .debug_macro   0x00003737       0x9e src//usart.o
 .debug_macro   0x000037d5      0x4fe src//usart.o
 .debug_macro   0x00003cd3       0x94 src//usart.o
 .debug_macro   0x00003d67      0x514 src//usart.o
 .debug_macro   0x0000427b       0x34 src//usart.o
 .debug_macro   0x000042af       0xd0 ./libopencm3//lib/libopencm3_stm32f0.a(adc.o)
 .debug_macro   0x0000437f      0xaa2 ./libopencm3//lib/libopencm3_stm32f0.a(adc.o)
 .debug_macro   0x00004e21       0x16 ./libopencm3//lib/libopencm3_stm32f0.a(adc.o)
 .debug_macro   0x00004e37       0xc1 ./libopencm3//lib/libopencm3_stm32f0.a(adc_common_v2.o)
 .debug_macro   0x00004ef8       0xd6 ./libopencm3//lib/libopencm3_stm32f0.a(gpio_common_f0234.o)
 .debug_macro   0x00004fce      0x10d ./libopencm3//lib/libopencm3_stm32f0.a(rcc.o)
 .debug_macro   0x000050db       0xee ./libopencm3//lib/libopencm3_stm32f0.a(rcc.o)
 .debug_macro   0x000051c9       0xd0 ./libopencm3//lib/libopencm3_stm32f0.a(rcc.o)
 .debug_macro   0x00005299      0x360 ./libopencm3//lib/libopencm3_stm32f0.a(rcc.o)
 .debug_macro   0x000055f9       0xce ./libopencm3//lib/libopencm3_stm32f0.a(rcc_common_all.o)
 .debug_macro   0x000056c7       0xd9 ./libopencm3//lib/libopencm3_stm32f0.a(usart_common_all.o)
 .debug_macro   0x000057a0       0xc1 ./libopencm3//lib/libopencm3_stm32f0.a(usart_common_v2.o)
 .debug_macro   0x00005861       0xcf ./libopencm3//lib/libopencm3_stm32f0.a(vector.o)
 .debug_macro   0x00005930      0x19f ./libopencm3//lib/libopencm3_stm32f0.a(vector.o)
 .debug_macro   0x00005acf       0x89 ./libopencm3//lib/libopencm3_stm32f0.a(assert.o)
 .debug_macro   0x00005b58       0xc0 ./libopencm3//lib/libopencm3_stm32f0.a(flash_common_all.o)

.debug_line     0x00000000     0x4cbd
 .debug_line    0x00000000      0x466 src//clock.o
 .debug_line    0x00000466      0x500 src//main.o
 .debug_line    0x00000966      0x483 src//usart.o
 .debug_line    0x00000de9      0x7b2 ./libopencm3//lib/libopencm3_stm32f0.a(adc.o)
 .debug_line    0x0000159b      0x891 ./libopencm3//lib/libopencm3_stm32f0.a(adc_common_v2.o)
 .debug_line    0x00001e2c      0x52b ./libopencm3//lib/libopencm3_stm32f0.a(gpio_common_f0234.o)
 .debug_line    0x00002357      0xcdc ./libopencm3//lib/libopencm3_stm32f0.a(rcc.o)
 .debug_line    0x00003033      0x4ed ./libopencm3//lib/libopencm3_stm32f0.a(rcc_common_all.o)
 .debug_line    0x00003520      0x78e ./libopencm3//lib/libopencm3_stm32f0.a(usart_common_all.o)
 .debug_line    0x00003cae      0x5c8 ./libopencm3//lib/libopencm3_stm32f0.a(usart_common_v2.o)
 .debug_line    0x00004276      0x422 ./libopencm3//lib/libopencm3_stm32f0.a(vector.o)
 .debug_line    0x00004698      0x25d ./libopencm3//lib/libopencm3_stm32f0.a(assert.o)
 .debug_line    0x000048f5      0x3c8 ./libopencm3//lib/libopencm3_stm32f0.a(flash_common_all.o)

.debug_str      0x00000000    0x13c72
 .debug_str     0x00000000    0x13c72 src//clock.o
                               0x8b76 (size before relaxing)
 .debug_str     0x00013c72     0xcbca src//main.o
 .debug_str     0x00013c72     0xb161 src//usart.o
 .debug_str     0x00013c72     0x5f00 ./libopencm3//lib/libopencm3_stm32f0.a(adc.o)
 .debug_str     0x00013c72     0x5da4 ./libopencm3//lib/libopencm3_stm32f0.a(adc_common_v2.o)
 .debug_str     0x00013c72     0x600a ./libopencm3//lib/libopencm3_stm32f0.a(gpio_common_f0234.o)
 .debug_str     0x00013c72     0x8fa8 ./libopencm3//lib/libopencm3_stm32f0.a(rcc.o)
 .debug_str     0x00013c72     0x74c6 ./libopencm3//lib/libopencm3_stm32f0.a(rcc_common_all.o)
 .debug_str     0x00013c72     0x8e30 ./libopencm3//lib/libopencm3_stm32f0.a(usart_common_all.o)
 .debug_str     0x00013c72     0x6876 ./libopencm3//lib/libopencm3_stm32f0.a(usart_common_v2.o)
 .debug_str     0x00013c72     0x541d ./libopencm3//lib/libopencm3_stm32f0.a(vector.o)
 .debug_str     0x00013c72     0x40cb ./libopencm3//lib/libopencm3_stm32f0.a(assert.o)
 .debug_str     0x00013c72     0x54ad ./libopencm3//lib/libopencm3_stm32f0.a(flash_common_all.o)

.comment        0x00000000       0x44
 .comment       0x00000000       0x44 src//clock.o
                                 0x45 (size before relaxing)
 .comment       0x00000044       0x45 src//main.o
 .comment       0x00000044       0x45 src//usart.o
 .comment       0x00000044       0x45 ./libopencm3//lib/libopencm3_stm32f0.a(adc.o)
 .comment       0x00000044       0x45 ./libopencm3//lib/libopencm3_stm32f0.a(adc_common_v2.o)
 .comment       0x00000044       0x45 ./libopencm3//lib/libopencm3_stm32f0.a(gpio_common_f0234.o)
 .comment       0x00000044       0x45 ./libopencm3//lib/libopencm3_stm32f0.a(rcc.o)
 .comment       0x00000044       0x45 ./libopencm3//lib/libopencm3_stm32f0.a(rcc_common_all.o)
 .comment       0x00000044       0x45 ./libopencm3//lib/libopencm3_stm32f0.a(usart_common_all.o)
 .comment       0x00000044       0x45 ./libopencm3//lib/libopencm3_stm32f0.a(usart_common_v2.o)
 .comment       0x00000044       0x45 ./libopencm3//lib/libopencm3_stm32f0.a(vector.o)
 .comment       0x00000044       0x45 ./libopencm3//lib/libopencm3_stm32f0.a(assert.o)
 .comment       0x00000044       0x45 ./libopencm3//lib/libopencm3_stm32f0.a(flash_common_all.o)

.ARM.attributes
                0x00000000       0x2a
 .ARM.attributes
                0x00000000       0x2c src//clock.o
 .ARM.attributes
                0x0000002c       0x2c src//main.o
 .ARM.attributes
                0x00000058       0x2c src//usart.o
 .ARM.attributes
                0x00000084       0x2c ./libopencm3//lib/libopencm3_stm32f0.a(adc.o)
 .ARM.attributes
                0x000000b0       0x2c ./libopencm3//lib/libopencm3_stm32f0.a(adc_common_v2.o)
 .ARM.attributes
                0x000000dc       0x2c ./libopencm3//lib/libopencm3_stm32f0.a(gpio_common_f0234.o)
 .ARM.attributes
                0x00000108       0x2c ./libopencm3//lib/libopencm3_stm32f0.a(rcc.o)
 .ARM.attributes
                0x00000134       0x2c ./libopencm3//lib/libopencm3_stm32f0.a(rcc_common_all.o)
 .ARM.attributes
                0x00000160       0x2c ./libopencm3//lib/libopencm3_stm32f0.a(usart_common_all.o)
 .ARM.attributes
                0x0000018c       0x2c ./libopencm3//lib/libopencm3_stm32f0.a(usart_common_v2.o)
 .ARM.attributes
                0x000001b8       0x2c ./libopencm3//lib/libopencm3_stm32f0.a(vector.o)
 .ARM.attributes
                0x000001e4       0x2c ./libopencm3//lib/libopencm3_stm32f0.a(assert.o)
 .ARM.attributes
                0x00000210       0x2c ./libopencm3//lib/libopencm3_stm32f0.a(flash_common_all.o)
 .ARM.attributes
                0x0000023c       0x2c /Applications/ArmGNUToolchain/13.2.Rel1/arm-none-eabi/bin/../lib/gcc/arm-none-eabi/13.2.1/../../../../arm-none-eabi/lib/thumb/v6-m/nofp/libc.a(libc_a-printf.o)
 .ARM.attributes
                0x00000268       0x2c /Applications/ArmGNUToolchain/13.2.Rel1/arm-none-eabi/bin/../lib/gcc/arm-none-eabi/13.2.1/../../../../arm-none-eabi/lib/thumb/v6-m/nofp/libc.a(libc_a-vfprintf.o)
 .ARM.attributes
                0x00000294       0x2c /Applications/ArmGNUToolchain/13.2.Rel1/arm-none-eabi/bin/../lib/gcc/arm-none-eabi/13.2.1/../../../../arm-none-eabi/lib/thumb/v6-m/nofp/libc.a(libc_a-vfiprintf.o)
 .ARM.attributes
                0x000002c0       0x2c /Applications/ArmGNUToolchain/13.2.Rel1/arm-none-eabi/bin/../lib/gcc/arm-none-eabi/13.2.1/../../../../arm-none-eabi/lib/thumb/v6-m/nofp/libc.a(libc_a-fflush.o)
 .ARM.attributes
                0x000002ec       0x2c /Applications/ArmGNUToolchain/13.2.Rel1/arm-none-eabi/bin/../lib/gcc/arm-none-eabi/13.2.1/../../../../arm-none-eabi/lib/thumb/v6-m/nofp/libc.a(libc_a-findfp.o)
 .ARM.attributes
                0x00000318       0x2c /Applications/ArmGNUToolchain/13.2.Rel1/arm-none-eabi/bin/../lib/gcc/arm-none-eabi/13.2.1/../../../../arm-none-eabi/lib/thumb/v6-m/nofp/libc.a(libc_a-fvwrite.o)
 .ARM.attributes
                0x00000344       0x2c /Applications/ArmGNUToolchain/13.2.Rel1/arm-none-eabi/bin/../lib/gcc/arm-none-eabi/13.2.1/../../../../arm-none-eabi/lib/thumb/v6-m/nofp/libc.a(libc_a-fwalk.o)
 .ARM.attributes
                0x00000370       0x2c /Applications/ArmGNUToolchain/13.2.Rel1/arm-none-eabi/bin/../lib/gcc/arm-none-eabi/13.2.1/../../../../arm-none-eabi/lib/thumb/v6-m/nofp/libc.a(libc_a-wsetup.o)
 .ARM.attributes
                0x0000039c       0x2c /Applications/ArmGNUToolchain/13.2.Rel1/arm-none-eabi/bin/../lib/gcc/arm-none-eabi/13.2.1/../../../../arm-none-eabi/lib/thumb/v6-m/nofp/libc.a(libc_a-fputwc.o)
 .ARM.attributes
                0x000003c8       0x2c /Applications/ArmGNUToolchain/13.2.Rel1/arm-none-eabi/bin/../lib/gcc/arm-none-eabi/13.2.1/../../../../arm-none-eabi/lib/thumb/v6-m/nofp/libc.a(libc_a-memmove.o)
 .ARM.attributes
                0x000003f4       0x2c /Applications/ArmGNUToolchain/13.2.Rel1/arm-none-eabi/bin/../lib/gcc/arm-none-eabi/13.2.1/../../../../arm-none-eabi/lib/thumb/v6-m/nofp/libc.a(libc_a-memset.o)
 .ARM.attributes
                0x00000420       0x2c /Applications/ArmGNUToolchain/13.2.Rel1/arm-none-eabi/bin/../lib/gcc/arm-none-eabi/13.2.1/../../../../arm-none-eabi/lib/thumb/v6-m/nofp/libc.a(libc_a-strncpy.o)
 .ARM.attributes
                0x0000044c       0x2c /Applications/ArmGNUToolchain/13.2.Rel1/arm-none-eabi/bin/../lib/gcc/arm-none-eabi/13.2.1/../../../../arm-none-eabi/lib/thumb/v6-m/nofp/libc.a(libc_a-locale.o)
 .ARM.attributes
                0x00000478       0x2c /Applications/ArmGNUToolchain/13.2.Rel1/arm-none-eabi/bin/../lib/gcc/arm-none-eabi/13.2.1/../../../../arm-none-eabi/lib/thumb/v6-m/nofp/libc.a(libc_a-localeconv.o)
 .ARM.attributes
                0x000004a4       0x2c /Applications/ArmGNUToolchain/13.2.Rel1/arm-none-eabi/bin/../lib/gcc/arm-none-eabi/13.2.1/../../../../arm-none-eabi/lib/thumb/v6-m/nofp/libc.a(libc_a-impure.o)
 .ARM.attributes
                0x000004d0       0x2c /Applications/ArmGNUToolchain/13.2.Rel1/arm-none-eabi/bin/../lib/gcc/arm-none-eabi/13.2.1/../../../../arm-none-eabi/lib/thumb/v6-m/nofp/libc.a(libc_a-errno.o)
 .ARM.attributes
                0x000004fc       0x2c /Applications/ArmGNUToolchain/13.2.Rel1/arm-none-eabi/bin/../lib/gcc/arm-none-eabi/13.2.1/../../../../arm-none-eabi/lib/thumb/v6-m/nofp/libc.a(libc_a-lock.o)
 .ARM.attributes
                0x00000528       0x2c /Applications/ArmGNUToolchain/13.2.Rel1/arm-none-eabi/bin/../lib/gcc/arm-none-eabi/13.2.1/../../../../arm-none-eabi/lib/thumb/v6-m/nofp/libc.a(libc_a-memchr-stub.o)
 .ARM.attributes
                0x00000554       0x2c /Applications/ArmGNUToolchain/13.2.Rel1/arm-none-eabi/bin/../lib/gcc/arm-none-eabi/13.2.1/../../../../arm-none-eabi/lib/thumb/v6-m/nofp/libc.a(libc_a-memcpy-stub.o)
 .ARM.attributes
                0x00000580       0x2c /Applications/ArmGNUToolchain/13.2.Rel1/arm-none-eabi/bin/../lib/gcc/arm-none-eabi/13.2.1/../../../../arm-none-eabi/lib/thumb/v6-m/nofp/libc.a(libc_a-strlen-stub.o)
 .ARM.attributes
                0x000005ac       0x2c /Applications/ArmGNUToolchain/13.2.Rel1/arm-none-eabi/bin/../lib/gcc/arm-none-eabi/13.2.1/../../../../arm-none-eabi/lib/thumb/v6-m/nofp/libc.a(libc_a-wcrtomb.o)
 .ARM.attributes
                0x000005d8       0x2c /Applications/ArmGNUToolchain/13.2.Rel1/arm-none-eabi/bin/../lib/gcc/arm-none-eabi/13.2.1/../../../../arm-none-eabi/lib/thumb/v6-m/nofp/libc.a(libc_a-wcsrtombs.o)
 .ARM.attributes
                0x00000604       0x2c /Applications/ArmGNUToolchain/13.2.Rel1/arm-none-eabi/bin/../lib/gcc/arm-none-eabi/13.2.1/../../../../arm-none-eabi/lib/thumb/v6-m/nofp/libc.a(libc_a-ctype_.o)
 .ARM.attributes
                0x00000630       0x2c /Applications/ArmGNUToolchain/13.2.Rel1/arm-none-eabi/bin/../lib/gcc/arm-none-eabi/13.2.1/../../../../arm-none-eabi/lib/thumb/v6-m/nofp/libc.a(libm_a-s_frexp.o)
 .ARM.attributes
                0x0000065c       0x2c /Applications/ArmGNUToolchain/13.2.Rel1/arm-none-eabi/bin/../lib/gcc/arm-none-eabi/13.2.1/../../../../arm-none-eabi/lib/thumb/v6-m/nofp/libc.a(libc_a-dtoa.o)
 .ARM.attributes
                0x00000688       0x2c /Applications/ArmGNUToolchain/13.2.Rel1/arm-none-eabi/bin/../lib/gcc/arm-none-eabi/13.2.1/../../../../arm-none-eabi/lib/thumb/v6-m/nofp/libc.a(libc_a-freer.o)
 .ARM.attributes
                0x000006b4       0x2c /Applications/ArmGNUToolchain/13.2.Rel1/arm-none-eabi/bin/../lib/gcc/arm-none-eabi/13.2.1/../../../../arm-none-eabi/lib/thumb/v6-m/nofp/libc.a(libc_a-mallocr.o)
 .ARM.attributes
                0x000006e0       0x2c /Applications/ArmGNUToolchain/13.2.Rel1/arm-none-eabi/bin/../lib/gcc/arm-none-eabi/13.2.1/../../../../arm-none-eabi/lib/thumb/v6-m/nofp/libc.a(libc_a-mbtowc_r.o)
 .ARM.attributes
                0x0000070c       0x2c /Applications/ArmGNUToolchain/13.2.Rel1/arm-none-eabi/bin/../lib/gcc/arm-none-eabi/13.2.1/../../../../arm-none-eabi/lib/thumb/v6-m/nofp/libc.a(libc_a-makebuf.o)
 .ARM.attributes
                0x00000738       0x2c /Applications/ArmGNUToolchain/13.2.Rel1/arm-none-eabi/bin/../lib/gcc/arm-none-eabi/13.2.1/../../../../arm-none-eabi/lib/thumb/v6-m/nofp/libc.a(libc_a-mlock.o)
 .ARM.attributes
                0x00000764       0x2c /Applications/ArmGNUToolchain/13.2.Rel1/arm-none-eabi/bin/../lib/gcc/arm-none-eabi/13.2.1/../../../../arm-none-eabi/lib/thumb/v6-m/nofp/libc.a(libc_a-mprec.o)
 .ARM.attributes
                0x00000790       0x2c /Applications/ArmGNUToolchain/13.2.Rel1/arm-none-eabi/bin/../lib/gcc/arm-none-eabi/13.2.1/../../../../arm-none-eabi/lib/thumb/v6-m/nofp/libc.a(libc_a-fclose.o)
 .ARM.attributes
                0x000007bc       0x2c /Applications/ArmGNUToolchain/13.2.Rel1/arm-none-eabi/bin/../lib/gcc/arm-none-eabi/13.2.1/../../../../arm-none-eabi/lib/thumb/v6-m/nofp/libc.a(libc_a-reallocr.o)
 .ARM.attributes
                0x000007e8       0x2c /Applications/ArmGNUToolchain/13.2.Rel1/arm-none-eabi/bin/../lib/gcc/arm-none-eabi/13.2.1/../../../../arm-none-eabi/lib/thumb/v6-m/nofp/libc.a(libc_a-stdio.o)
 .ARM.attributes
                0x00000814       0x2c /Applications/ArmGNUToolchain/13.2.Rel1/arm-none-eabi/bin/../lib/gcc/arm-none-eabi/13.2.1/../../../../arm-none-eabi/lib/thumb/v6-m/nofp/libc.a(libc_a-wctomb_r.o)
 .ARM.attributes
                0x00000840       0x2c /Applications/ArmGNUToolchain/13.2.Rel1/arm-none-eabi/bin/../lib/gcc/arm-none-eabi/13.2.1/../../../../arm-none-eabi/lib/thumb/v6-m/nofp/libc.a(libc_a-wbuf.o)
 .ARM.attributes
                0x0000086c       0x2c /Applications/ArmGNUToolchain/13.2.Rel1/arm-none-eabi/bin/../lib/gcc/arm-none-eabi/13.2.1/../../../../arm-none-eabi/lib/thumb/v6-m/nofp/libc.a(libc_a-closer.o)
 .ARM.attributes
                0x00000898       0x2c /Applications/ArmGNUToolchain/13.2.Rel1/arm-none-eabi/bin/../lib/gcc/arm-none-eabi/13.2.1/../../../../arm-none-eabi/lib/thumb/v6-m/nofp/libc.a(libc_a-reent.o)
 .ARM.attributes
                0x000008c4       0x2c /Applications/ArmGNUToolchain/13.2.Rel1/arm-none-eabi/bin/../lib/gcc/arm-none-eabi/13.2.1/../../../../arm-none-eabi/lib/thumb/v6-m/nofp/libc.a(libc_a-fstatr.o)
 .ARM.attributes
                0x000008f0       0x2c /Applications/ArmGNUToolchain/13.2.Rel1/arm-none-eabi/bin/../lib/gcc/arm-none-eabi/13.2.1/../../../../arm-none-eabi/lib/thumb/v6-m/nofp/libc.a(libc_a-isattyr.o)
 .ARM.attributes
                0x0000091c       0x2c /Applications/ArmGNUToolchain/13.2.Rel1/arm-none-eabi/bin/../lib/gcc/arm-none-eabi/13.2.1/../../../../arm-none-eabi/lib/thumb/v6-m/nofp/libc.a(libc_a-lseekr.o)
 .ARM.attributes
                0x00000948       0x2c /Applications/ArmGNUToolchain/13.2.Rel1/arm-none-eabi/bin/../lib/gcc/arm-none-eabi/13.2.1/../../../../arm-none-eabi/lib/thumb/v6-m/nofp/libc.a(libc_a-readr.o)
 .ARM.attributes
                0x00000974       0x2c /Applications/ArmGNUToolchain/13.2.Rel1/arm-none-eabi/bin/../lib/gcc/arm-none-eabi/13.2.1/../../../../arm-none-eabi/lib/thumb/v6-m/nofp/libc.a(libc_a-sbrkr.o)
 .ARM.attributes
                0x000009a0       0x2c /Applications/ArmGNUToolchain/13.2.Rel1/arm-none-eabi/bin/../lib/gcc/arm-none-eabi/13.2.1/../../../../arm-none-eabi/lib/thumb/v6-m/nofp/libc.a(libc_a-writer.o)
 .ARM.attributes
                0x000009cc       0x2c /Applications/ArmGNUToolchain/13.2.Rel1/arm-none-eabi/bin/../lib/gcc/arm-none-eabi/13.2.1/../../../../arm-none-eabi/lib/thumb/v6-m/nofp/libc.a(libc_a-sysconf.o)
 .ARM.attributes
                0x000009f8       0x2c /Applications/ArmGNUToolchain/13.2.Rel1/arm-none-eabi/bin/../lib/gcc/arm-none-eabi/13.2.1/../../../../arm-none-eabi/lib/thumb/v6-m/nofp/libc.a(libc_a-wcsnrtombs.o)
 .ARM.attributes
                0x00000a24       0x2c /Applications/ArmGNUToolchain/13.2.Rel1/arm-none-eabi/bin/../lib/gcc/arm-none-eabi/13.2.1/../../../../arm-none-eabi/lib/thumb/v6-m/nofp/libc.a(libc_a-assert.o)
 .ARM.attributes
                0x00000a50       0x2c /Applications/ArmGNUToolchain/13.2.Rel1/arm-none-eabi/bin/../lib/gcc/arm-none-eabi/13.2.1/../../../../arm-none-eabi/lib/thumb/v6-m/nofp/libc.a(libc_a-callocr.o)
 .ARM.attributes
                0x00000a7c       0x2c /Applications/ArmGNUToolchain/13.2.Rel1/arm-none-eabi/bin/../lib/gcc/arm-none-eabi/13.2.1/../../../../arm-none-eabi/lib/thumb/v6-m/nofp/libc.a(libc_a-fiprintf.o)
 .ARM.attributes
                0x00000aa8       0x2c /Applications/ArmGNUToolchain/13.2.Rel1/arm-none-eabi/bin/../lib/gcc/arm-none-eabi/13.2.1/../../../../arm-none-eabi/lib/thumb/v6-m/nofp/libc.a(libc_a-abort.o)
 .ARM.attributes
                0x00000ad4       0x2c /Applications/ArmGNUToolchain/13.2.Rel1/arm-none-eabi/bin/../lib/gcc/arm-none-eabi/13.2.1/../../../../arm-none-eabi/lib/thumb/v6-m/nofp/libc.a(libc_a-signal.o)
 .ARM.attributes
                0x00000b00       0x2c /Applications/ArmGNUToolchain/13.2.Rel1/arm-none-eabi/bin/../lib/gcc/arm-none-eabi/13.2.1/../../../../arm-none-eabi/lib/thumb/v6-m/nofp/libc.a(libc_a-signalr.o)
 .ARM.attributes
                0x00000b2c       0x1e /Applications/ArmGNUToolchain/13.2.Rel1/arm-none-eabi/bin/../lib/gcc/arm-none-eabi/13.2.1/thumb/v6-m/nofp/libgcc.a(_thumb1_case_uqi.o)
 .ARM.attributes
                0x00000b4a       0x1e /Applications/ArmGNUToolchain/13.2.Rel1/arm-none-eabi/bin/../lib/gcc/arm-none-eabi/13.2.1/thumb/v6-m/nofp/libgcc.a(_udivsi3.o)
 .ARM.attributes
                0x00000b68       0x1e /Applications/ArmGNUToolchain/13.2.Rel1/arm-none-eabi/bin/../lib/gcc/arm-none-eabi/13.2.1/thumb/v6-m/nofp/libgcc.a(_divsi3.o)
 .ARM.attributes
                0x00000b86       0x1e /Applications/ArmGNUToolchain/13.2.Rel1/arm-none-eabi/bin/../lib/gcc/arm-none-eabi/13.2.1/thumb/v6-m/nofp/libgcc.a(_dvmd_tls.o)
 .ARM.attributes
                0x00000ba4       0x1e /Applications/ArmGNUToolchain/13.2.Rel1/arm-none-eabi/bin/../lib/gcc/arm-none-eabi/13.2.1/thumb/v6-m/nofp/libgcc.a(_arm_cmpdf2.o)
 .ARM.attributes
                0x00000bc2       0x1e /Applications/ArmGNUToolchain/13.2.Rel1/arm-none-eabi/bin/../lib/gcc/arm-none-eabi/13.2.1/thumb/v6-m/nofp/libgcc.a(_aeabi_uldivmod.o)
 .ARM.attributes
                0x00000be0       0x2c /Applications/ArmGNUToolchain/13.2.Rel1/arm-none-eabi/bin/../lib/gcc/arm-none-eabi/13.2.1/thumb/v6-m/nofp/libgcc.a(_udivmoddi4.o)
 .ARM.attributes
                0x00000c0c       0x2c /Applications/ArmGNUToolchain/13.2.Rel1/arm-none-eabi/bin/../lib/gcc/arm-none-eabi/13.2.1/thumb/v6-m/nofp/libgcc.a(adddf3.o)
 .ARM.attributes
                0x00000c38       0x2c /Applications/ArmGNUToolchain/13.2.Rel1/arm-none-eabi/bin/../lib/gcc/arm-none-eabi/13.2.1/thumb/v6-m/nofp/libgcc.a(divdf3.o)
 .ARM.attributes
                0x00000c64       0x2c /Applications/ArmGNUToolchain/13.2.Rel1/arm-none-eabi/bin/../lib/gcc/arm-none-eabi/13.2.1/thumb/v6-m/nofp/libgcc.a(eqdf2.o)
 .ARM.attributes
                0x00000c90       0x2c /Applications/ArmGNUToolchain/13.2.Rel1/arm-none-eabi/bin/../lib/gcc/arm-none-eabi/13.2.1/thumb/v6-m/nofp/libgcc.a(gedf2.o)
 .ARM.attributes
                0x00000cbc       0x2c /Applications/ArmGNUToolchain/13.2.Rel1/arm-none-eabi/bin/../lib/gcc/arm-none-eabi/13.2.1/thumb/v6-m/nofp/libgcc.a(ledf2.o)
 .ARM.attributes
                0x00000ce8       0x2c /Applications/ArmGNUToolchain/13.2.Rel1/arm-none-eabi/bin/../lib/gcc/arm-none-eabi/13.2.1/thumb/v6-m/nofp/libgcc.a(muldf3.o)
 .ARM.attributes
                0x00000d14       0x2c /Applications/ArmGNUToolchain/13.2.Rel1/arm-none-eabi/bin/../lib/gcc/arm-none-eabi/13.2.1/thumb/v6-m/nofp/libgcc.a(subdf3.o)
 .ARM.attributes
                0x00000d40       0x2c /Applications/ArmGNUToolchain/13.2.Rel1/arm-none-eabi/bin/../lib/gcc/arm-none-eabi/13.2.1/thumb/v6-m/nofp/libgcc.a(unorddf2.o)
 .ARM.attributes
                0x00000d6c       0x2c /Applications/ArmGNUToolchain/13.2.Rel1/arm-none-eabi/bin/../lib/gcc/arm-none-eabi/13.2.1/thumb/v6-m/nofp/libgcc.a(fixdfsi.o)
 .ARM.attributes
                0x00000d98       0x2c /Applications/ArmGNUToolchain/13.2.Rel1/arm-none-eabi/bin/../lib/gcc/arm-none-eabi/13.2.1/thumb/v6-m/nofp/libgcc.a(floatsidf.o)
 .ARM.attributes
                0x00000dc4       0x2c /Applications/ArmGNUToolchain/13.2.Rel1/arm-none-eabi/bin/../lib/gcc/arm-none-eabi/13.2.1/thumb/v6-m/nofp/libgcc.a(floatunsidf.o)
 .ARM.attributes
                0x00000df0       0x1e /Applications/ArmGNUToolchain/13.2.Rel1/arm-none-eabi/bin/../lib/gcc/arm-none-eabi/13.2.1/thumb/v6-m/nofp/libgcc.a(_clzsi2.o)
 .ARM.attributes
                0x00000e0e       0x1e /Applications/ArmGNUToolchain/13.2.Rel1/arm-none-eabi/bin/../lib/gcc/arm-none-eabi/13.2.1/thumb/v6-m/nofp/libgcc.a(_clzdi2.o)
 .ARM.attributes
                0x00000e2c       0x2c /Applications/ArmGNUToolchain/13.2.Rel1/arm-none-eabi/bin/../lib/gcc/arm-none-eabi/13.2.1/../../../../arm-none-eabi/lib/thumb/v6-m/nofp/libnosys.a(close.o)
 .ARM.attributes
                0x00000e58       0x2c /Applications/ArmGNUToolchain/13.2.Rel1/arm-none-eabi/bin/../lib/gcc/arm-none-eabi/13.2.1/../../../../arm-none-eabi/lib/thumb/v6-m/nofp/libnosys.a(fstat.o)
 .ARM.attributes
                0x00000e84       0x2c /Applications/ArmGNUToolchain/13.2.Rel1/arm-none-eabi/bin/../lib/gcc/arm-none-eabi/13.2.1/../../../../arm-none-eabi/lib/thumb/v6-m/nofp/libnosys.a(getpid.o)
 .ARM.attributes
                0x00000eb0       0x2c /Applications/ArmGNUToolchain/13.2.Rel1/arm-none-eabi/bin/../lib/gcc/arm-none-eabi/13.2.1/../../../../arm-none-eabi/lib/thumb/v6-m/nofp/libnosys.a(isatty.o)
 .ARM.attributes
                0x00000edc       0x2c /Applications/ArmGNUToolchain/13.2.Rel1/arm-none-eabi/bin/../lib/gcc/arm-none-eabi/13.2.1/../../../../arm-none-eabi/lib/thumb/v6-m/nofp/libnosys.a(kill.o)
 .ARM.attributes
                0x00000f08       0x2c /Applications/ArmGNUToolchain/13.2.Rel1/arm-none-eabi/bin/../lib/gcc/arm-none-eabi/13.2.1/../../../../arm-none-eabi/lib/thumb/v6-m/nofp/libnosys.a(lseek.o)
 .ARM.attributes
                0x00000f34       0x2c /Applications/ArmGNUToolchain/13.2.Rel1/arm-none-eabi/bin/../lib/gcc/arm-none-eabi/13.2.1/../../../../arm-none-eabi/lib/thumb/v6-m/nofp/libnosys.a(read.o)
 .ARM.attributes
                0x00000f60       0x2c /Applications/ArmGNUToolchain/13.2.Rel1/arm-none-eabi/bin/../lib/gcc/arm-none-eabi/13.2.1/../../../../arm-none-eabi/lib/thumb/v6-m/nofp/libnosys.a(sbrk.o)
 .ARM.attributes
                0x00000f8c       0x2c /Applications/ArmGNUToolchain/13.2.Rel1/arm-none-eabi/bin/../lib/gcc/arm-none-eabi/13.2.1/../../../../arm-none-eabi/lib/thumb/v6-m/nofp/libnosys.a(_exit.o)

.debug_frame    0x00000000     0x23cc
 .debug_frame   0x00000000       0x6c src//clock.o
 .debug_frame   0x0000006c       0x28 src//main.o
 .debug_frame   0x00000094       0x44 src//usart.o
 .debug_frame   0x000000d8      0x1bc ./libopencm3//lib/libopencm3_stm32f0.a(adc.o)
 .debug_frame   0x00000294      0x250 ./libopencm3//lib/libopencm3_stm32f0.a(adc_common_v2.o)
 .debug_frame   0x000004e4       0x78 ./libopencm3//lib/libopencm3_stm32f0.a(gpio_common_f0234.o)
 .debug_frame   0x0000055c      0x2d4 ./libopencm3//lib/libopencm3_stm32f0.a(rcc.o)
 .debug_frame   0x00000830       0xf0 ./libopencm3//lib/libopencm3_stm32f0.a(rcc_common_all.o)
 .debug_frame   0x00000920      0x1e0 ./libopencm3//lib/libopencm3_stm32f0.a(usart_common_all.o)
 .debug_frame   0x00000b00      0x130 ./libopencm3//lib/libopencm3_stm32f0.a(usart_common_v2.o)
 .debug_frame   0x00000c30       0x48 ./libopencm3//lib/libopencm3_stm32f0.a(vector.o)
 .debug_frame   0x00000c78       0x38 ./libopencm3//lib/libopencm3_stm32f0.a(assert.o)
 .debug_frame   0x00000cb0       0x50 ./libopencm3//lib/libopencm3_stm32f0.a(flash_common_all.o)
 .debug_frame   0x00000d00       0x48 /Applications/ArmGNUToolchain/13.2.Rel1/arm-none-eabi/bin/../lib/gcc/arm-none-eabi/13.2.1/../../../../arm-none-eabi/lib/thumb/v6-m/nofp/libc.a(libc_a-printf.o)
 .debug_frame   0x00000d48       0x78 /Applications/ArmGNUToolchain/13.2.Rel1/arm-none-eabi/bin/../lib/gcc/arm-none-eabi/13.2.1/../../../../arm-none-eabi/lib/thumb/v6-m/nofp/libc.a(libc_a-vfprintf.o)
 .debug_frame   0x00000dc0       0xbc /Applications/ArmGNUToolchain/13.2.Rel1/arm-none-eabi/bin/../lib/gcc/arm-none-eabi/13.2.1/../../../../arm-none-eabi/lib/thumb/v6-m/nofp/libc.a(libc_a-vfiprintf.o)
 .debug_frame   0x00000e7c       0x6c /Applications/ArmGNUToolchain/13.2.Rel1/arm-none-eabi/bin/../lib/gcc/arm-none-eabi/13.2.1/../../../../arm-none-eabi/lib/thumb/v6-m/nofp/libc.a(libc_a-fflush.o)
 .debug_frame   0x00000ee8      0x138 /Applications/ArmGNUToolchain/13.2.Rel1/arm-none-eabi/bin/../lib/gcc/arm-none-eabi/13.2.1/../../../../arm-none-eabi/lib/thumb/v6-m/nofp/libc.a(libc_a-findfp.o)
 .debug_frame   0x00001020       0x3c /Applications/ArmGNUToolchain/13.2.Rel1/arm-none-eabi/bin/../lib/gcc/arm-none-eabi/13.2.1/../../../../arm-none-eabi/lib/thumb/v6-m/nofp/libc.a(libc_a-fvwrite.o)
 .debug_frame   0x0000105c       0x38 /Applications/ArmGNUToolchain/13.2.Rel1/arm-none-eabi/bin/../lib/gcc/arm-none-eabi/13.2.1/../../../../arm-none-eabi/lib/thumb/v6-m/nofp/libc.a(libc_a-fwalk.o)
 .debug_frame   0x00001094       0x2c /Applications/ArmGNUToolchain/13.2.Rel1/arm-none-eabi/bin/../lib/gcc/arm-none-eabi/13.2.1/../../../../arm-none-eabi/lib/thumb/v6-m/nofp/libc.a(libc_a-wsetup.o)
 .debug_frame   0x000010c0       0x68 /Applications/ArmGNUToolchain/13.2.Rel1/arm-none-eabi/bin/../lib/gcc/arm-none-eabi/13.2.1/../../../../arm-none-eabi/lib/thumb/v6-m/nofp/libc.a(libc_a-fputwc.o)
 .debug_frame   0x00001128       0x30 /Applications/ArmGNUToolchain/13.2.Rel1/arm-none-eabi/bin/../lib/gcc/arm-none-eabi/13.2.1/../../../../arm-none-eabi/lib/thumb/v6-m/nofp/libc.a(libc_a-memmove.o)
 .debug_frame   0x00001158       0x30 /Applications/ArmGNUToolchain/13.2.Rel1/arm-none-eabi/bin/../lib/gcc/arm-none-eabi/13.2.1/../../../../arm-none-eabi/lib/thumb/v6-m/nofp/libc.a(libc_a-memset.o)
 .debug_frame   0x00001188       0x2c /Applications/ArmGNUToolchain/13.2.Rel1/arm-none-eabi/bin/../lib/gcc/arm-none-eabi/13.2.1/../../../../arm-none-eabi/lib/thumb/v6-m/nofp/libc.a(libc_a-strncpy.o)
 .debug_frame   0x000011b4       0xd0 /Applications/ArmGNUToolchain/13.2.Rel1/arm-none-eabi/bin/../lib/gcc/arm-none-eabi/13.2.1/../../../../arm-none-eabi/lib/thumb/v6-m/nofp/libc.a(libc_a-locale.o)
 .debug_frame   0x00001284       0x40 /Applications/ArmGNUToolchain/13.2.Rel1/arm-none-eabi/bin/../lib/gcc/arm-none-eabi/13.2.1/../../../../arm-none-eabi/lib/thumb/v6-m/nofp/libc.a(libc_a-localeconv.o)
 .debug_frame   0x000012c4       0x20 /Applications/ArmGNUToolchain/13.2.Rel1/arm-none-eabi/bin/../lib/gcc/arm-none-eabi/13.2.1/../../../../arm-none-eabi/lib/thumb/v6-m/nofp/libc.a(libc_a-errno.o)
 .debug_frame   0x000012e4       0xb0 /Applications/ArmGNUToolchain/13.2.Rel1/arm-none-eabi/bin/../lib/gcc/arm-none-eabi/13.2.1/../../../../arm-none-eabi/lib/thumb/v6-m/nofp/libc.a(libc_a-lock.o)
 .debug_frame   0x00001394       0x2c /Applications/ArmGNUToolchain/13.2.Rel1/arm-none-eabi/bin/../lib/gcc/arm-none-eabi/13.2.1/../../../../arm-none-eabi/lib/thumb/v6-m/nofp/libc.a(libc_a-memchr-stub.o)
 .debug_frame   0x000013c0       0x30 /Applications/ArmGNUToolchain/13.2.Rel1/arm-none-eabi/bin/../lib/gcc/arm-none-eabi/13.2.1/../../../../arm-none-eabi/lib/thumb/v6-m/nofp/libc.a(libc_a-memcpy-stub.o)
 .debug_frame   0x000013f0       0x28 /Applications/ArmGNUToolchain/13.2.Rel1/arm-none-eabi/bin/../lib/gcc/arm-none-eabi/13.2.1/../../../../arm-none-eabi/lib/thumb/v6-m/nofp/libc.a(libc_a-strlen-stub.o)
 .debug_frame   0x00001418       0x50 /Applications/ArmGNUToolchain/13.2.Rel1/arm-none-eabi/bin/../lib/gcc/arm-none-eabi/13.2.1/../../../../arm-none-eabi/lib/thumb/v6-m/nofp/libc.a(libc_a-wcrtomb.o)
 .debug_frame   0x00001468       0x48 /Applications/ArmGNUToolchain/13.2.Rel1/arm-none-eabi/bin/../lib/gcc/arm-none-eabi/13.2.1/../../../../arm-none-eabi/lib/thumb/v6-m/nofp/libc.a(libc_a-wcsrtombs.o)
 .debug_frame   0x000014b0       0x20 /Applications/ArmGNUToolchain/13.2.Rel1/arm-none-eabi/bin/../lib/gcc/arm-none-eabi/13.2.1/../../../../arm-none-eabi/lib/thumb/v6-m/nofp/libc.a(libc_a-ctype_.o)
 .debug_frame   0x000014d0       0x2c /Applications/ArmGNUToolchain/13.2.Rel1/arm-none-eabi/bin/../lib/gcc/arm-none-eabi/13.2.1/../../../../arm-none-eabi/lib/thumb/v6-m/nofp/libc.a(libm_a-s_frexp.o)
 .debug_frame   0x000014fc       0x68 /Applications/ArmGNUToolchain/13.2.Rel1/arm-none-eabi/bin/../lib/gcc/arm-none-eabi/13.2.1/../../../../arm-none-eabi/lib/thumb/v6-m/nofp/libc.a(libc_a-dtoa.o)
 .debug_frame   0x00001564       0x5c /Applications/ArmGNUToolchain/13.2.Rel1/arm-none-eabi/bin/../lib/gcc/arm-none-eabi/13.2.1/../../../../arm-none-eabi/lib/thumb/v6-m/nofp/libc.a(libc_a-freer.o)
 .debug_frame   0x000015c0       0x3c /Applications/ArmGNUToolchain/13.2.Rel1/arm-none-eabi/bin/../lib/gcc/arm-none-eabi/13.2.1/../../../../arm-none-eabi/lib/thumb/v6-m/nofp/libc.a(libc_a-mallocr.o)
 .debug_frame   0x000015fc       0xd8 /Applications/ArmGNUToolchain/13.2.Rel1/arm-none-eabi/bin/../lib/gcc/arm-none-eabi/13.2.1/../../../../arm-none-eabi/lib/thumb/v6-m/nofp/libc.a(libc_a-mbtowc_r.o)
 .debug_frame   0x000016d4       0x58 /Applications/ArmGNUToolchain/13.2.Rel1/arm-none-eabi/bin/../lib/gcc/arm-none-eabi/13.2.1/../../../../arm-none-eabi/lib/thumb/v6-m/nofp/libc.a(libc_a-makebuf.o)
 .debug_frame   0x0000172c       0x40 /Applications/ArmGNUToolchain/13.2.Rel1/arm-none-eabi/bin/../lib/gcc/arm-none-eabi/13.2.1/../../../../arm-none-eabi/lib/thumb/v6-m/nofp/libc.a(libc_a-mlock.o)
 .debug_frame   0x0000176c      0x258 /Applications/ArmGNUToolchain/13.2.Rel1/arm-none-eabi/bin/../lib/gcc/arm-none-eabi/13.2.1/../../../../arm-none-eabi/lib/thumb/v6-m/nofp/libc.a(libc_a-mprec.o)
 .debug_frame   0x000019c4       0x44 /Applications/ArmGNUToolchain/13.2.Rel1/arm-none-eabi/bin/../lib/gcc/arm-none-eabi/13.2.1/../../../../arm-none-eabi/lib/thumb/v6-m/nofp/libc.a(libc_a-fclose.o)
 .debug_frame   0x00001a08       0x3c /Applications/ArmGNUToolchain/13.2.Rel1/arm-none-eabi/bin/../lib/gcc/arm-none-eabi/13.2.1/../../../../arm-none-eabi/lib/thumb/v6-m/nofp/libc.a(libc_a-reallocr.o)
 .debug_frame   0x00001a44       0x90 /Applications/ArmGNUToolchain/13.2.Rel1/arm-none-eabi/bin/../lib/gcc/arm-none-eabi/13.2.1/../../../../arm-none-eabi/lib/thumb/v6-m/nofp/libc.a(libc_a-stdio.o)
 .debug_frame   0x00001ad4       0xa0 /Applications/ArmGNUToolchain/13.2.Rel1/arm-none-eabi/bin/../lib/gcc/arm-none-eabi/13.2.1/../../../../arm-none-eabi/lib/thumb/v6-m/nofp/libc.a(libc_a-wctomb_r.o)